Archive member included to satisfy reference by file (symbol)

/usr/lib/gcc/arm-none-eabi/14.1.0/../../../../arm-none-eabi/lib/thumb/v7e-m+fp/hard/libc_nano.a(libc_a-atexit.o)
                              /usr/lib/gcc/arm-none-eabi/14.1.0/../../../../arm-none-eabi/lib/thumb/v7e-m+fp/hard/crt0.o (atexit)
/usr/lib/gcc/arm-none-eabi/14.1.0/../../../../arm-none-eabi/lib/thumb/v7e-m+fp/hard/libc_nano.a(libc_a-exit.o)
                              /usr/lib/gcc/arm-none-eabi/14.1.0/../../../../arm-none-eabi/lib/thumb/v7e-m+fp/hard/crt0.o (exit)
/usr/lib/gcc/arm-none-eabi/14.1.0/../../../../arm-none-eabi/lib/thumb/v7e-m+fp/hard/libc_nano.a(libc_a-nano-vfprintf_float.o)
                              (_printf_float)
/usr/lib/gcc/arm-none-eabi/14.1.0/../../../../arm-none-eabi/lib/thumb/v7e-m+fp/hard/libc_nano.a(libc_a-nano-vfprintf_i.o)
                              /usr/lib/gcc/arm-none-eabi/14.1.0/../../../../arm-none-eabi/lib/thumb/v7e-m+fp/hard/libc_nano.a(libc_a-nano-vfprintf_float.o) (_printf_common)
/usr/lib/gcc/arm-none-eabi/14.1.0/../../../../arm-none-eabi/lib/thumb/v7e-m+fp/hard/libc_nano.a(libc_a-findfp.o)
                              /usr/lib/gcc/arm-none-eabi/14.1.0/../../../../arm-none-eabi/lib/thumb/v7e-m+fp/hard/libc_nano.a(libc_a-exit.o) (__stdio_exit_handler)
/usr/lib/gcc/arm-none-eabi/14.1.0/../../../../arm-none-eabi/lib/thumb/v7e-m+fp/hard/libc_nano.a(libc_a-fwalk.o)
                              /usr/lib/gcc/arm-none-eabi/14.1.0/../../../../arm-none-eabi/lib/thumb/v7e-m+fp/hard/libc_nano.a(libc_a-findfp.o) (_fwalk_sglue)
/usr/lib/gcc/arm-none-eabi/14.1.0/../../../../arm-none-eabi/lib/thumb/v7e-m+fp/hard/libc_nano.a(libc_a-stdio.o)
                              /usr/lib/gcc/arm-none-eabi/14.1.0/../../../../arm-none-eabi/lib/thumb/v7e-m+fp/hard/libc_nano.a(libc_a-findfp.o) (__sread)
/usr/lib/gcc/arm-none-eabi/14.1.0/../../../../arm-none-eabi/lib/thumb/v7e-m+fp/hard/libc_nano.a(libc_a-memcmp.o)
                              build/main.o (memcmp)
/usr/lib/gcc/arm-none-eabi/14.1.0/../../../../arm-none-eabi/lib/thumb/v7e-m+fp/hard/libc_nano.a(libc_a-memset.o)
                              /usr/lib/gcc/arm-none-eabi/14.1.0/../../../../arm-none-eabi/lib/thumb/v7e-m+fp/hard/crt0.o (memset)
/usr/lib/gcc/arm-none-eabi/14.1.0/../../../../arm-none-eabi/lib/thumb/v7e-m+fp/hard/libc_nano.a(libc_a-localeconv.o)
                              /usr/lib/gcc/arm-none-eabi/14.1.0/../../../../arm-none-eabi/lib/thumb/v7e-m+fp/hard/libc_nano.a(libc_a-nano-vfprintf_float.o) (_localeconv_r)
/usr/lib/gcc/arm-none-eabi/14.1.0/../../../../arm-none-eabi/lib/thumb/v7e-m+fp/hard/libc_nano.a(libc_a-closer.o)
                              /usr/lib/gcc/arm-none-eabi/14.1.0/../../../../arm-none-eabi/lib/thumb/v7e-m+fp/hard/libc_nano.a(libc_a-stdio.o) (_close_r)
/usr/lib/gcc/arm-none-eabi/14.1.0/../../../../arm-none-eabi/lib/thumb/v7e-m+fp/hard/libc_nano.a(libc_a-reent.o)
                              /usr/lib/gcc/arm-none-eabi/14.1.0/../../../../arm-none-eabi/lib/thumb/v7e-m+fp/hard/libc_nano.a(libc_a-closer.o) (errno)
/usr/lib/gcc/arm-none-eabi/14.1.0/../../../../arm-none-eabi/lib/thumb/v7e-m+fp/hard/libc_nano.a(libc_a-impure.o)
                              /usr/lib/gcc/arm-none-eabi/14.1.0/../../../../arm-none-eabi/lib/thumb/v7e-m+fp/hard/libc_nano.a(libc_a-reent.o) (_impure_ptr)
/usr/lib/gcc/arm-none-eabi/14.1.0/../../../../arm-none-eabi/lib/thumb/v7e-m+fp/hard/libc_nano.a(libc_a-lseekr.o)
                              /usr/lib/gcc/arm-none-eabi/14.1.0/../../../../arm-none-eabi/lib/thumb/v7e-m+fp/hard/libc_nano.a(libc_a-stdio.o) (_lseek_r)
/usr/lib/gcc/arm-none-eabi/14.1.0/../../../../arm-none-eabi/lib/thumb/v7e-m+fp/hard/libc_nano.a(libc_a-readr.o)
                              /usr/lib/gcc/arm-none-eabi/14.1.0/../../../../arm-none-eabi/lib/thumb/v7e-m+fp/hard/libc_nano.a(libc_a-stdio.o) (_read_r)
/usr/lib/gcc/arm-none-eabi/14.1.0/../../../../arm-none-eabi/lib/thumb/v7e-m+fp/hard/libc_nano.a(libc_a-writer.o)
                              /usr/lib/gcc/arm-none-eabi/14.1.0/../../../../arm-none-eabi/lib/thumb/v7e-m+fp/hard/libc_nano.a(libc_a-stdio.o) (_write_r)
/usr/lib/gcc/arm-none-eabi/14.1.0/../../../../arm-none-eabi/lib/thumb/v7e-m+fp/hard/libc_nano.a(libc_a-errno.o)
                              build/syscalls.o (__errno)
/usr/lib/gcc/arm-none-eabi/14.1.0/../../../../arm-none-eabi/lib/thumb/v7e-m+fp/hard/libc_nano.a(libc_a-init.o)
                              /usr/lib/gcc/arm-none-eabi/14.1.0/../../../../arm-none-eabi/lib/thumb/v7e-m+fp/hard/crt0.o (__libc_init_array)
/usr/lib/gcc/arm-none-eabi/14.1.0/../../../../arm-none-eabi/lib/thumb/v7e-m+fp/hard/libc_nano.a(libc_a-fini.o)
                              /usr/lib/gcc/arm-none-eabi/14.1.0/../../../../arm-none-eabi/lib/thumb/v7e-m+fp/hard/crt0.o (__libc_fini_array)
/usr/lib/gcc/arm-none-eabi/14.1.0/../../../../arm-none-eabi/lib/thumb/v7e-m+fp/hard/libc_nano.a(libc_a-lock.o)
[...]
Memory Configuration

Name             Origin             Length             Attributes
FLASH            0x08000000         0x00010000         xr
RAM              0x20000000         0x00030000         xrw
CCMRAM           0x10000000         0x00010000         rw
*default*        0x00000000         0xffffffff

Linker script and memory map

LOAD /usr/lib/gcc/arm-none-eabi/14.1.0/thumb/v7e-m+fp/hard/crti.o
LOAD /usr/lib/gcc/arm-none-eabi/14.1.0/thumb/v7e-m+fp/hard/crtbegin.o
LOAD /usr/lib/gcc/arm-none-eabi/14.1.0/../../../../arm-none-eabi/lib/thumb/v7e-m+fp/hard/crt0.o
LOAD build/main.o
LOAD build/comms.o
LOAD build/bootloaderflash.o
LOAD build/rcc.o
LOAD build/gpio.o
LOAD build/usart.o
LOAD build/delay.o
LOAD build/ring_buffer.o
LOAD build/crc.o
LOAD build/timer.o
LOAD build/aes.o
LOAD build/misc.o
LOAD build/stm32f4xx_adc.o
LOAD build/stm32f4xx_can.o
LOAD build/stm32f4xx_crc.o
LOAD build/stm32f4xx_cryp.o
LOAD build/stm32f4xx_cryp_aes.o
LOAD build/stm32f4xx_cryp_des.o
LOAD build/stm32f4xx_cryp_tdes.o
LOAD build/stm32f4xx_dac.o
LOAD build/stm32f4xx_dbgmcu.o
LOAD build/stm32f4xx_dcmi.o
LOAD build/stm32f4xx_dma.o
LOAD build/stm32f4xx_exti.o
LOAD build/stm32f4xx_flash.o
LOAD build/stm32f4xx_fsmc.o
LOAD build/stm32f4xx_gpio.o
LOAD build/stm32f4xx_hash.o
LOAD build/stm32f4xx_hash_md5.o
LOAD build/stm32f4xx_hash_sha1.o
LOAD build/stm32f4xx_i2c.o
LOAD build/stm32f4xx_iwdg.o
LOAD build/stm32f4xx_pwr.o
LOAD build/stm32f4xx_rcc.o
LOAD build/stm32f4xx_rng.o
LOAD build/stm32f4xx_rtc.o
LOAD build/stm32f4xx_sdio.o
LOAD build/stm32f4xx_spi.o
LOAD build/stm32f4xx_syscfg.o
LOAD build/stm32f4xx_tim.o
LOAD build/stm32f4xx_usart.o
LOAD build/stm32f4xx_wwdg.o
LOAD build/syscalls.o
LOAD build/startup_stm32f429_439xx.o
LOAD /usr/lib/gcc/arm-none-eabi/14.1.0/../../../../arm-none-eabi/lib/thumb/v7e-m+fp/hard/libc_nano.a
LOAD /usr/lib/gcc/arm-none-eabi/14.1.0/../../../../arm-none-eabi/lib/thumb/v7e-m+fp/hard/libm.a
LOAD /usr/lib/gcc/arm-none-eabi/14.1.0/../../../../arm-none-eabi/lib/thumb/v7e-m+fp/hard/libnosys.a
START GROUP
LOAD /usr/lib/gcc/arm-none-eabi/14.1.0/thumb/v7e-m+fp/hard/libgcc.a
LOAD /usr/lib/gcc/arm-none-eabi/14.1.0/../../../../arm-none-eabi/lib/thumb/v7e-m+fp/hard/libc_nano.a
END GROUP
START GROUP
LOAD /usr/lib/gcc/arm-none-eabi/14.1.0/thumb/v7e-m+fp/hard/libgcc.a
LOAD /usr/lib/gcc/arm-none-eabi/14.1.0/../../../../arm-none-eabi/lib/thumb/v7e-m+fp/hard/libc_nano.a
END GROUP
LOAD /usr/lib/gcc/arm-none-eabi/14.1.0/thumb/v7e-m+fp/hard/crtend.o
LOAD /usr/lib/gcc/arm-none-eabi/14.1.0/thumb/v7e-m+fp/hard/crtn.o
                0x20030000                        _estack = 0x20030000
                0x00000200                        _Min_Heap_Size = 0x200
                0x00000400                        _Min_Stack_Size = 0x400

.text           0x08000000     0x5a80
                0x08000000                        . = ALIGN (0x4)
 *(.isr_vector)
 .isr_vector    0x08000000      0x1ac build/startup_stm32f429_439xx.o
                0x08000000                g_pfnVectors
                0x080001ac                        . = ALIGN (0x4)
 *(.text)
 .text          0x080001ac       0x88 /usr/lib/gcc/arm-none-eabi/14.1.0/thumb/v7e-m+fp/hard/crtbegin.o
 *fill*         0x08000234        0xc 
 .text          0x08000240       0xa0 /usr/lib/gcc/arm-none-eabi/14.1.0/../../../../arm-none-eabi/lib/thumb/v7e-m+fp/hard/libc_nano.a(libc_a-memchr.o)
                0x08000240                memchr
 .text          0x080002e0       0x10 /usr/lib/gcc/arm-none-eabi/14.1.0/../../../../arm-none-eabi/lib/thumb/v7e-m+fp/hard/libc_nano.a(libc_a-strlen.o)
                0x080002e0                strlen
 .text          0x080002f0      0x378 /usr/lib/gcc/arm-none-eabi/14.1.0/thumb/v7e-m+fp/hard/libgcc.a(_arm_addsubdf3.o)
                0x080002f0                __aeabi_drsub
                0x080002f8                __aeabi_dsub
                0x080002f8                __subdf3
                0x080002fc                __adddf3
                0x080002fc                __aeabi_dadd
                0x08000574                __aeabi_ui2d
                0x08000574                __floatunsidf
                0x08000594                __floatsidf
                0x08000594                __aeabi_i2d
                0x080005b8                __extendsfdf2
                0x080005b8                __aeabi_f2d
                0x080005fc                __aeabi_ul2d
                0x080005fc                __floatundidf
                0x0800060c                __floatdidf
                0x0800060c                __aeabi_l2d
 .text          0x08000668      0x424 /usr/lib/gcc/arm-none-eabi/14.1.0/thumb/v7e-m+fp/hard/libgcc.a(_arm_muldivdf3.o)
                0x08000668                __aeabi_dmul
                0x08000668                __muldf3
                0x080008bc                __aeabi_ddiv
                0x080008bc                __divdf3
 .text          0x08000a8c      0x110 /usr/lib/gcc/arm-none-eabi/14.1.0/thumb/v7e-m+fp/hard/libgcc.a(_arm_cmpdf2.o)
                0x08000a8c                __gtdf2
                0x08000a8c                __gedf2
                0x08000a94                __ltdf2
                0x08000a94                __ledf2
                0x08000a9c                __cmpdf2
                0x08000a9c                __eqdf2
                0x08000a9c                __nedf2
                0x08000b18                __aeabi_cdrcmple
                0x08000b28                __aeabi_cdcmple
                0x08000b28                __aeabi_cdcmpeq
                0x08000b38                __aeabi_dcmpeq
                0x08000b4c                __aeabi_dcmplt
                0x08000b60                __aeabi_dcmple
                0x08000b74                __aeabi_dcmpge
                0x08000b88                __aeabi_dcmpgt
 .text          0x08000b9c       0x2c /usr/lib/gcc/arm-none-eabi/14.1.0/thumb/v7e-m+fp/hard/libgcc.a(_arm_unorddf2.o)
                0x08000b9c                __aeabi_dcmpun
                0x08000b9c                __unorddf2
 .text          0x08000bc8       0x50 /usr/lib/gcc/arm-none-eabi/14.1.0/thumb/v7e-m+fp/hard/libgcc.a(_arm_fixdfsi.o)
                0x08000bc8                __fixdfsi
                0x08000bc8                __aeabi_d2iz
 *(.text*)
 .text.NVIC_SystemReset
                0x08000c18       0x2c build/main.o
 .text.main     0x08000c44      0x36c build/main.o
                0x08000c44                main
 .text.Jump_Application
                0x08000fb0       0x24 build/main.o
 .text.AES_CBC_MAC_Step
                0x08000fd4       0x54 build/main.o
 .text.Validate_Firmware_Image
                0x08001028      0x1e8 build/main.o
 .text.Bootloader_Fail
                0x08001210       0x24 build/main.o
 .text.Check_Timeout
                0x08001234       0x1c build/main.o
 .text.Device_ID_Packet
                0x08001250       0x50 build/main.o
 .text.FW_Length_Packet
                0x080012a0       0x50 build/main.o
 .text.Comms_Setup
                0x080012f0       0x20 build/comms.o
                0x080012f0                Comms_Setup
 .text.Comms_Update
                0x08001310      0x168 build/comms.o
                0x08001310                Comms_Update
 .text.Comms_Packets_Available
                0x08001478       0x28 build/comms.o
                0x08001478                Comms_Packets_Available
 .text.Comms_Write
                0x080014a0       0x38 build/comms.o
                0x080014a0                Comms_Write
 .text.Comms_Read
                0x080014d8       0x48 build/comms.o
                0x080014d8                Comms_Read
 .text.Comms_Compute_CRC
                0x08001520       0x1a build/comms.o
                0x08001520                Comms_Compute_CRC
 .text.Comms_Single_Byte_Packet
                0x0800153a       0x56 build/comms.o
                0x0800153a                Comms_Single_Byte_Packet
 .text.Comms_Create_Single_Byte_Packet
                0x08001590       0x38 build/comms.o
                0x08001590                Comms_Create_Single_Byte_Packet
 .text.Bootloader_FLASH_Erase_Main_App
                0x080015c8       0x70 build/bootloaderflash.o
                0x080015c8                Bootloader_FLASH_Erase_Main_App
 .text.Bootloader_FLASH_Write
                0x08001638       0x4c build/bootloaderflash.o
                0x08001638                Bootloader_FLASH_Write
 .text.RCC_Setup
                0x08001684       0x1a build/rcc.o
                0x08001684                RCC_Setup
 .text.RCC_Teardown
                0x0800169e       0x1a build/rcc.o
                0x0800169e                RCC_Teardown
 .text.GPIO_Setup
                0x080016b8       0x64 build/gpio.o
                0x080016b8                GPIO_Setup
 .text.GPIO_Teardown
                0x0800171c       0x58 build/gpio.o
                0x0800171c                GPIO_Teardown
 .text.NVIC_EnableIRQ
                0x08001774       0x34 build/usart.o
 .text.NVIC_DisableIRQ
                0x080017a8       0x34 build/usart.o
 .text.VirtualCOMPort_Setup
                0x080017dc       0x74 build/usart.o
                0x080017dc                VirtualCOMPort_Setup
 .text.USART3_IRQHandler
                0x08001850       0x60 build/usart.o
                0x08001850                USART3_IRQHandler
 .text.USART_Write
                0x080018b0       0x3a build/usart.o
                0x080018b0                USART_Write
 .text.USART_Write_Byte
                0x080018ea       0x30 build/usart.o
                0x080018ea                USART_Write_Byte
 *fill*         0x0800191a        0x2 
 .text.USART_Read
                0x0800191c       0x58 build/usart.o
                0x0800191c                USART_Read
 .text.USART_Read_Byte
                0x08001974       0x28 build/usart.o
                0x08001974                USART_Read_Byte
 .text.USART_Data_Available
                0x0800199c       0x34 build/usart.o
                0x0800199c                USART_Data_Available
 .text.VirtualCOMPort_Teardown
                0x080019d0       0x40 build/usart.o
                0x080019d0                VirtualCOMPort_Teardown
 .text.NVIC_DisableIRQ
                0x08001a10       0x34 build/delay.o
 .text.NVIC_SetPriority
                0x08001a44       0x54 build/delay.o
 .text.SysTick_Config
                0x08001a98       0x44 build/delay.o
 .text.SysTick_Setup
                0x08001adc       0x24 build/delay.o
                0x08001adc                SysTick_Setup
 .text.SysTick_Handler
                0x08001b00       0x1c build/delay.o
                0x08001b00                SysTick_Handler
 .text.getTicks
                0x08001b1c       0x18 build/delay.o
                0x08001b1c                getTicks
 .text.delayUS  0x08001b34       0x30 build/delay.o
                0x08001b34                delayUS
 .text.delayMS  0x08001b64       0x38 build/delay.o
                0x08001b64                delayMS
 .text.Systick_Teardown
                0x08001b9c       0x28 build/delay.o
                0x08001b9c                Systick_Teardown
 .text.Ring_Buffer_Setup
                0x08001bc4       0x32 build/ring_buffer.o
                0x08001bc4                Ring_Buffer_Setup
 .text.Ring_Buffer_Empty
                0x08001bf6       0x26 build/ring_buffer.o
                0x08001bf6                Ring_Buffer_Empty
 .text.Ring_Buffer_Write
                0x08001c1c       0x50 build/ring_buffer.o
                0x08001c1c                Ring_Buffer_Write
 .text.Ring_Buffer_Read
                0x08001c6c       0x50 build/ring_buffer.o
                0x08001c6c                Ring_Buffer_Read
 .text.crc8     0x08001cbc       0x70 build/crc.o
                0x08001cbc                crc8
 .text.Simple_Timer_Setup
                0x08001d2c       0x36 build/timer.o
                0x08001d2c                Simple_Timer_Setup
 .text.Simple_Timer_Elapsed
                0x08001d62       0x64 build/timer.o
                0x08001d62                Simple_Timer_Elapsed
 .text.Simple_Timer_Reset
                0x08001dc6       0x20 build/timer.o
                0x08001dc6                Simple_Timer_Reset
 .text.GF_Mult  0x08001de6       0x6c build/aes.o
                0x08001de6                GF_Mult
 .text.GF_WordAdd
                0x08001e52       0x6a build/aes.o
                0x08001e52                GF_WordAdd
 .text.AES_KeySchedule128
                0x08001ebc       0xd4 build/aes.o
                0x08001ebc                AES_KeySchedule128
 .text.AES_RotWord
                0x08001f90       0x3e build/aes.o
                0x08001f90                AES_RotWord
 .text.AES_SubBytes
                0x08001fce       0x64 build/aes.o
                0x08001fce                AES_SubBytes
 .text.AES_SubWord
                0x08002032       0x44 build/aes.o
                0x08002032                AES_SubWord
 .text.AES_ShiftRows
                0x08002076       0xb0 build/aes.o
                0x08002076                AES_ShiftRows
 .text.AES_MixColumns
                0x08002126      0x186 build/aes.o
                0x08002126                AES_MixColumns
 .text.AES_AddRoundKey
                0x080022ac       0x6c build/aes.o
                0x080022ac                AES_AddRoundKey
 .text.AES_EncryptBlock
                0x08002318       0x68 build/aes.o
                0x08002318                AES_EncryptBlock
 .text.FLASH_Unlock
                0x08002380       0x30 build/stm32f4xx_flash.o
                0x08002380                FLASH_Unlock
 .text.FLASH_Lock
                0x080023b0       0x20 build/stm32f4xx_flash.o
                0x080023b0                FLASH_Lock
 .text.FLASH_EraseSector
                0x080023d0       0xc0 build/stm32f4xx_flash.o
                0x080023d0                FLASH_EraseSector
 .text.FLASH_ProgramByte
                0x08002490       0x68 build/stm32f4xx_flash.o
                0x08002490                FLASH_ProgramByte
 .text.FLASH_GetStatus
                0x080024f8       0x6c build/stm32f4xx_flash.o
                0x080024f8                FLASH_GetStatus
 .text.FLASH_WaitForLastOperation
                0x08002564       0x30 build/stm32f4xx_flash.o
                0x08002564                FLASH_WaitForLastOperation
 .text.GPIO_DeInit
                0x08002594      0x120 build/stm32f4xx_gpio.o
                0x08002594                GPIO_DeInit
 .text.GPIO_Init
                0x080026b4      0x11e build/stm32f4xx_gpio.o
                0x080026b4                GPIO_Init
 .text.GPIO_PinAFConfig
                0x080027d2       0x92 build/stm32f4xx_gpio.o
                0x080027d2                GPIO_PinAFConfig
 .text.RCC_GetClocksFreq
                0x08002864      0x15c build/stm32f4xx_rcc.o
                0x08002864                RCC_GetClocksFreq
 .text.RCC_AHB1PeriphClockCmd
                0x080029c0       0x40 build/stm32f4xx_rcc.o
                0x080029c0                RCC_AHB1PeriphClockCmd
 .text.RCC_APB1PeriphClockCmd
                0x08002a00       0x40 build/stm32f4xx_rcc.o
                0x08002a00                RCC_APB1PeriphClockCmd
 .text.RCC_AHB1PeriphResetCmd
                0x08002a40       0x40 build/stm32f4xx_rcc.o
                0x08002a40                RCC_AHB1PeriphResetCmd
 .text.RCC_APB1PeriphResetCmd
                0x08002a80       0x40 build/stm32f4xx_rcc.o
                0x08002a80                RCC_APB1PeriphResetCmd
 .text.RCC_APB2PeriphResetCmd
                0x08002ac0       0x40 build/stm32f4xx_rcc.o
                0x08002ac0                RCC_APB2PeriphResetCmd
 .text.USART_DeInit
                0x08002b00       0xd4 build/stm32f4xx_usart.o
                0x08002b00                USART_DeInit
 .text.USART_Init
                0x08002bd4      0x174 build/stm32f4xx_usart.o
                0x08002bd4                USART_Init
 .text.USART_Cmd
                0x08002d48       0x40 build/stm32f4xx_usart.o
                0x08002d48                USART_Cmd
 .text.USART_SendData
                0x08002d88       0x24 build/stm32f4xx_usart.o
                0x08002d88                USART_SendData
 .text.USART_ReceiveData
                0x08002dac       0x20 build/stm32f4xx_usart.o
                0x08002dac                USART_ReceiveData
 .text.USART_ITConfig
                0x08002dcc       0x90 build/stm32f4xx_usart.o
                0x08002dcc                USART_ITConfig
 .text.USART_GetFlagStatus
                0x08002e5c       0x38 build/stm32f4xx_usart.o
                0x08002e5c                USART_GetFlagStatus
 .text.USART_GetITStatus
                0x08002e94       0xb6 build/stm32f4xx_usart.o
                0x08002e94                USART_GetITStatus
 .text._getpid  0x08002f4a       0x10 build/syscalls.o
                0x08002f4a                _getpid
 .text._kill    0x08002f5a       0x20 build/syscalls.o
                0x08002f5a                _kill
 .text._exit    0x08002f7a       0x16 build/syscalls.o
                0x08002f7a                _exit
 .text._read    0x08002f90       0x3a build/syscalls.o
                0x08002f90                _read
 .text._write   0x08002fca       0x38 build/syscalls.o
                0x08002fca                _write
 .text._close   0x08003002       0x18 build/syscalls.o
                0x08003002                _close
 .text._fstat   0x0800301a       0x20 build/syscalls.o
                0x0800301a                _fstat
 .text._isatty  0x0800303a       0x16 build/syscalls.o
                0x0800303a                _isatty
 .text._lseek   0x08003050       0x1a build/syscalls.o
                0x08003050                _lseek
 *fill*         0x0800306a        0x2 
 .text._sbrk    0x0800306c       0x58 build/syscalls.o
                0x0800306c                _sbrk
 .text.Reset_Handler
                0x080030c4       0x44 build/startup_stm32f429_439xx.o
                0x080030c4                Reset_Handler
 .text.Default_Handler
                0x08003108        0x2 build/startup_stm32f429_439xx.o
                0x08003108                RTC_Alarm_IRQHandler
                0x08003108                HASH_RNG_IRQHandler
                0x08003108                EXTI2_IRQHandler
                0x08003108                TIM8_CC_IRQHandler
                0x08003108                DebugMon_Handler
                0x08003108                UART8_IRQHandler
                0x08003108                SPI4_IRQHandler
                0x08003108                TIM1_CC_IRQHandler
                0x08003108                DMA2_Stream5_IRQHandler
                0x08003108                HardFault_Handler
                0x08003108                DMA1_Stream5_IRQHandler
                0x08003108                PVD_IRQHandler
                0x08003108                SDIO_IRQHandler
                0x08003108                TAMP_STAMP_IRQHandler
                0x08003108                PendSV_Handler
                0x08003108                NMI_Handler
                0x08003108                CAN2_RX1_IRQHandler
                0x08003108                EXTI3_IRQHandler
                0x08003108                TIM8_TRG_COM_TIM14_IRQHandler
                0x08003108                TIM1_UP_TIM10_IRQHandler
                0x08003108                TIM8_UP_TIM13_IRQHandler
                0x08003108                I2C3_ER_IRQHandler
                0x08003108                EXTI0_IRQHandler
                0x08003108                I2C2_EV_IRQHandler
                0x08003108                DMA1_Stream2_IRQHandler
                0x08003108                CAN1_RX0_IRQHandler
                0x08003108                FPU_IRQHandler
                0x08003108                OTG_HS_WKUP_IRQHandler
                0x08003108                UsageFault_Handler
                0x08003108                LTDC_ER_IRQHandler
                0x08003108                CAN2_SCE_IRQHandler
                0x08003108                DMA2_Stream2_IRQHandler
                0x08003108                SPI1_IRQHandler
                0x08003108                TIM6_DAC_IRQHandler
                0x08003108                TIM1_BRK_TIM9_IRQHandler
                0x08003108                DCMI_IRQHandler
                0x08003108                CAN2_RX0_IRQHandler
                0x08003108                DMA2_Stream3_IRQHandler
                0x08003108                USART6_IRQHandler
                0x08003108                CRYP_IRQHandler
                0x08003108                CAN1_RX1_IRQHandler
                0x08003108                UART5_IRQHandler
                0x08003108                DMA2_Stream0_IRQHandler
                0x08003108                TIM4_IRQHandler
                0x08003108                I2C1_EV_IRQHandler
                0x08003108                DMA1_Stream6_IRQHandler
                0x08003108                DMA1_Stream1_IRQHandler
                0x08003108                UART4_IRQHandler
                0x08003108                TIM3_IRQHandler
                0x08003108                RCC_IRQHandler
                0x08003108                TIM8_BRK_TIM12_IRQHandler
                0x08003108                Default_Handler
                0x08003108                EXTI15_10_IRQHandler
                0x08003108                ADC_IRQHandler
                0x08003108                DMA1_Stream7_IRQHandler
                0x08003108                SPI5_IRQHandler
                0x08003108                TIM7_IRQHandler
                0x08003108                CAN2_TX_IRQHandler
                0x08003108                TIM5_IRQHandler
                0x08003108                DMA2_Stream7_IRQHandler
                0x08003108                I2C3_EV_IRQHandler
                0x08003108                EXTI9_5_IRQHandler
                0x08003108                RTC_WKUP_IRQHandler
                0x08003108                LTDC_IRQHandler
                0x08003108                ETH_WKUP_IRQHandler
                0x08003108                SPI2_IRQHandler
                0x08003108                OTG_HS_EP1_IN_IRQHandler
                0x08003108                MemManage_Handler
                0x08003108                DMA1_Stream0_IRQHandler
                0x08003108                CAN1_TX_IRQHandler
                0x08003108                SVC_Handler
                0x08003108                EXTI4_IRQHandler
                0x08003108                FSMC_IRQHandler
                0x08003108                ETH_IRQHandler
                0x08003108                OTG_HS_EP1_OUT_IRQHandler
                0x08003108                WWDG_IRQHandler
                0x08003108                SPI6_IRQHandler
                0x08003108                TIM2_IRQHandler
                0x08003108                OTG_FS_WKUP_IRQHandler
                0x08003108                TIM1_TRG_COM_TIM11_IRQHandler
                0x08003108                OTG_HS_IRQHandler
                0x08003108                DMA2D_IRQHandler
                0x08003108                EXTI1_IRQHandler
                0x08003108                UART7_IRQHandler
                0x08003108                USART2_IRQHandler
                0x08003108                I2C2_ER_IRQHandler
                0x08003108                DMA2_Stream1_IRQHandler
                0x08003108                CAN1_SCE_IRQHandler
                0x08003108                FLASH_IRQHandler
                0x08003108                DMA2_Stream4_IRQHandler
                0x08003108                BusFault_Handler
                0x08003108                USART1_IRQHandler
                0x08003108                OTG_FS_IRQHandler
                0x08003108                SPI3_IRQHandler
                0x08003108                DMA1_Stream4_IRQHandler
                0x08003108                I2C1_ER_IRQHandler
                0x08003108                DMA2_Stream6_IRQHandler
                0x08003108                SAI1_IRQHandler
                0x08003108                DMA1_Stream3_IRQHandler
 .text.__cvt    0x0800310a       0xca /usr/lib/gcc/arm-none-eabi/14.1.0/../../../../arm-none-eabi/lib/thumb/v7e-m+fp/hard/libc_nano.a(libc_a-nano-vfprintf_float.o)
                0x0800310a                __cvt
 .text.__exponent
                0x080031d4       0x74 /usr/lib/gcc/arm-none-eabi/14.1.0/../../../../arm-none-eabi/lib/thumb/v7e-m+fp/hard/libc_nano.a(libc_a-nano-vfprintf_float.o)
                0x080031d4                __exponent
 .text._printf_float
                0x08003248      0x450 /usr/lib/gcc/arm-none-eabi/14.1.0/../../../../arm-none-eabi/lib/thumb/v7e-m+fp/hard/libc_nano.a(libc_a-nano-vfprintf_float.o)
                0x08003248                _printf_float
 .text._printf_common
                0x08003698       0xda /usr/lib/gcc/arm-none-eabi/14.1.0/../../../../arm-none-eabi/lib/thumb/v7e-m+fp/hard/libc_nano.a(libc_a-nano-vfprintf_i.o)
                0x08003698                _printf_common
 *fill*         0x08003772        0x2 
 .text._printf_i
                0x08003774      0x240 /usr/lib/gcc/arm-none-eabi/14.1.0/../../../../arm-none-eabi/lib/thumb/v7e-m+fp/hard/libc_nano.a(libc_a-nano-vfprintf_i.o)
                0x08003774                _printf_i
 .text.std      0x080039b4       0x6c /usr/lib/gcc/arm-none-eabi/14.1.0/../../../../arm-none-eabi/lib/thumb/v7e-m+fp/hard/libc_nano.a(libc_a-findfp.o)
 .text.stdio_exit_handler
                0x08003a20       0x18 /usr/lib/gcc/arm-none-eabi/14.1.0/../../../../arm-none-eabi/lib/thumb/v7e-m+fp/hard/libc_nano.a(libc_a-findfp.o)
 .text.cleanup_stdio
                0x08003a38       0x40 /usr/lib/gcc/arm-none-eabi/14.1.0/../../../../arm-none-eabi/lib/thumb/v7e-m+fp/hard/libc_nano.a(libc_a-findfp.o)
 .text.global_stdio_init.part.0
                0x08003a78       0x40 /usr/lib/gcc/arm-none-eabi/14.1.0/../../../../arm-none-eabi/lib/thumb/v7e-m+fp/hard/libc_nano.a(libc_a-findfp.o)
 .text.__sfp_lock_acquire
                0x08003ab8        0xc /usr/lib/gcc/arm-none-eabi/14.1.0/../../../../arm-none-eabi/lib/thumb/v7e-m+fp/hard/libc_nano.a(libc_a-findfp.o)
                0x08003ab8                __sfp_lock_acquire
 .text.__sfp_lock_release
                0x08003ac4        0xc /usr/lib/gcc/arm-none-eabi/14.1.0/../../../../arm-none-eabi/lib/thumb/v7e-m+fp/hard/libc_nano.a(libc_a-findfp.o)
                0x08003ac4                __sfp_lock_release
 .text.__sinit  0x08003ad0       0x30 /usr/lib/gcc/arm-none-eabi/14.1.0/../../../../arm-none-eabi/lib/thumb/v7e-m+fp/hard/libc_nano.a(libc_a-findfp.o)
                0x08003ad0                __sinit
 .text._fwalk_sglue
                0x08003b00       0x3c /usr/lib/gcc/arm-none-eabi/14.1.0/../../../../arm-none-eabi/lib/thumb/v7e-m+fp/hard/libc_nano.a(libc_a-fwalk.o)
                0x08003b00                _fwalk_sglue
 .text.__sread  0x08003b3c       0x22 /usr/lib/gcc/arm-none-eabi/14.1.0/../../../../arm-none-eabi/lib/thumb/v7e-m+fp/hard/libc_nano.a(libc_a-stdio.o)
                0x08003b3c                __sread
 .text.__swrite
                0x08003b5e       0x38 /usr/lib/gcc/arm-none-eabi/14.1.0/../../../../arm-none-eabi/lib/thumb/v7e-m+fp/hard/libc_nano.a(libc_a-stdio.o)
                0x08003b5e                __swrite
 .text.__sseek  0x08003b96       0x26 /usr/lib/gcc/arm-none-eabi/14.1.0/../../../../arm-none-eabi/lib/thumb/v7e-m+fp/hard/libc_nano.a(libc_a-stdio.o)
                0x08003b96                __sseek
 .text.__sclose
                0x08003bbc        0x8 /usr/lib/gcc/arm-none-eabi/14.1.0/../../../../arm-none-eabi/lib/thumb/v7e-m+fp/hard/libc_nano.a(libc_a-stdio.o)
                0x08003bbc                __sclose
 .text.memcmp   0x08003bc4       0x20 /usr/lib/gcc/arm-none-eabi/14.1.0/../../../../arm-none-eabi/lib/thumb/v7e-m+fp/hard/libc_nano.a(libc_a-memcmp.o)
                0x08003bc4                memcmp
 .text.memset   0x08003be4       0x10 /usr/lib/gcc/arm-none-eabi/14.1.0/../../../../arm-none-eabi/lib/thumb/v7e-m+fp/hard/libc_nano.a(libc_a-memset.o)
                0x08003be4                memset
 .text._localeconv_r
                0x08003bf4        0x8 /usr/lib/gcc/arm-none-eabi/14.1.0/../../../../arm-none-eabi/lib/thumb/v7e-m+fp/hard/libc_nano.a(libc_a-localeconv.o)
                0x08003bf4                _localeconv_r
 .text._close_r
                0x08003bfc       0x20 /usr/lib/gcc/arm-none-eabi/14.1.0/../../../../arm-none-eabi/lib/thumb/v7e-m+fp/hard/libc_nano.a(libc_a-closer.o)
                0x08003bfc                _close_r
 .text._lseek_r
                0x08003c1c       0x24 /usr/lib/gcc/arm-none-eabi/14.1.0/../../../../arm-none-eabi/lib/thumb/v7e-m+fp/hard/libc_nano.a(libc_a-lseekr.o)
                0x08003c1c                _lseek_r
 .text._read_r  0x08003c40       0x24 /usr/lib/gcc/arm-none-eabi/14.1.0/../../../../arm-none-eabi/lib/thumb/v7e-m+fp/hard/libc_nano.a(libc_a-readr.o)
                0x08003c40                _read_r
 .text._write_r
                0x08003c64       0x24 /usr/lib/gcc/arm-none-eabi/14.1.0/../../../../arm-none-eabi/lib/thumb/v7e-m+fp/hard/libc_nano.a(libc_a-writer.o)
                0x08003c64                _write_r
 .text.__errno  0x08003c88        0xc /usr/lib/gcc/arm-none-eabi/14.1.0/../../../../arm-none-eabi/lib/thumb/v7e-m+fp/hard/libc_nano.a(libc_a-errno.o)
                0x08003c88                __errno
 .text.__libc_init_array
                0x08003c94       0x48 /usr/lib/gcc/arm-none-eabi/14.1.0/../../../../arm-none-eabi/lib/thumb/v7e-m+fp/hard/libc_nano.a(libc_a-init.o)
                0x08003c94                __libc_init_array
 .text.__retarget_lock_init_recursive
                0x08003cdc        0x2 /usr/lib/gcc/arm-none-eabi/14.1.0/../../../../arm-none-eabi/lib/thumb/v7e-m+fp/hard/libc_nano.a(libc_a-lock.o)
                0x08003cdc                __retarget_lock_init_recursive
 .text.__retarget_lock_acquire_recursive
                0x08003cde        0x2 /usr/lib/gcc/arm-none-eabi/14.1.0/../../../../arm-none-eabi/lib/thumb/v7e-m+fp/hard/libc_nano.a(libc_a-lock.o)
                0x08003cde                __retarget_lock_acquire_recursive
 .text.__retarget_lock_release_recursive
                0x08003ce0        0x2 /usr/lib/gcc/arm-none-eabi/14.1.0/../../../../arm-none-eabi/lib/thumb/v7e-m+fp/hard/libc_nano.a(libc_a-lock.o)
                0x08003ce0                __retarget_lock_release_recursive
 .text.memcpy   0x08003ce2       0x1c /usr/lib/gcc/arm-none-eabi/14.1.0/../../../../arm-none-eabi/lib/thumb/v7e-m+fp/hard/libc_nano.a(libc_a-memcpy-stub.o)
                0x08003ce2                memcpy
 .text.quorem   0x08003cfe      0x110 /usr/lib/gcc/arm-none-eabi/14.1.0/../../../../arm-none-eabi/lib/thumb/v7e-m+fp/hard/libc_nano.a(libc_a-dtoa.o)
 *fill*         0x08003e0e        0x2 
 .text._dtoa_r  0x08003e10      0xbd0 /usr/lib/gcc/arm-none-eabi/14.1.0/../../../../arm-none-eabi/lib/thumb/v7e-m+fp/hard/libc_nano.a(libc_a-dtoa.o)
                0x08003e10                _dtoa_r
 .text._free_r  0x080049e0       0x94 /usr/lib/gcc/arm-none-eabi/14.1.0/../../../../arm-none-eabi/lib/thumb/v7e-m+fp/hard/libc_nano.a(libc_a-freer.o)
                0x080049e0                _free_r
 .text.malloc   0x08004a74       0x10 /usr/lib/gcc/arm-none-eabi/14.1.0/../../../../arm-none-eabi/lib/thumb/v7e-m+fp/hard/libc_nano.a(libc_a-malloc.o)
                0x08004a74                malloc
 .text.sbrk_aligned
                0x08004a84       0x44 /usr/lib/gcc/arm-none-eabi/14.1.0/../../../../arm-none-eabi/lib/thumb/v7e-m+fp/hard/libc_nano.a(libc_a-mallocr.o)
 .text._malloc_r
                0x08004ac8      0x100 /usr/lib/gcc/arm-none-eabi/14.1.0/../../../../arm-none-eabi/lib/thumb/v7e-m+fp/hard/libc_nano.a(libc_a-mallocr.o)
                0x08004ac8                _malloc_r
 .text.__malloc_lock
                0x08004bc8        0xc /usr/lib/gcc/arm-none-eabi/14.1.0/../../../../arm-none-eabi/lib/thumb/v7e-m+fp/hard/libc_nano.a(libc_a-mlock.o)
                0x08004bc8                __malloc_lock
 .text.__malloc_unlock
                0x08004bd4        0xc /usr/lib/gcc/arm-none-eabi/14.1.0/../../../../arm-none-eabi/lib/thumb/v7e-m+fp/hard/libc_nano.a(libc_a-mlock.o)
                0x08004bd4                __malloc_unlock
 .text._Balloc  0x08004be0       0x7c /usr/lib/gcc/arm-none-eabi/14.1.0/../../../../arm-none-eabi/lib/thumb/v7e-m+fp/hard/libc_nano.a(libc_a-mprec.o)
                0x08004be0                _Balloc
 .text._Bfree   0x08004c5c       0x44 /usr/lib/gcc/arm-none-eabi/14.1.0/../../../../arm-none-eabi/lib/thumb/v7e-m+fp/hard/libc_nano.a(libc_a-mprec.o)
                0x08004c5c                _Bfree
 .text.__multadd
                0x08004ca0       0x8c /usr/lib/gcc/arm-none-eabi/14.1.0/../../../../arm-none-eabi/lib/thumb/v7e-m+fp/hard/libc_nano.a(libc_a-mprec.o)
                0x08004ca0                __multadd
 .text.__hi0bits
                0x08004d2c       0x3e /usr/lib/gcc/arm-none-eabi/14.1.0/../../../../arm-none-eabi/lib/thumb/v7e-m+fp/hard/libc_nano.a(libc_a-mprec.o)
                0x08004d2c                __hi0bits
 .text.__lo0bits
                0x08004d6a       0x5a /usr/lib/gcc/arm-none-eabi/14.1.0/../../../../arm-none-eabi/lib/thumb/v7e-m+fp/hard/libc_nano.a(libc_a-mprec.o)
                0x08004d6a                __lo0bits
 .text.__i2b    0x08004dc4       0x2c /usr/lib/gcc/arm-none-eabi/14.1.0/../../../../arm-none-eabi/lib/thumb/v7e-m+fp/hard/libc_nano.a(libc_a-mprec.o)
                0x08004dc4                __i2b
 .text.__multiply
                0x08004df0      0x154 /usr/lib/gcc/arm-none-eabi/14.1.0/../../../../arm-none-eabi/lib/thumb/v7e-m+fp/hard/libc_nano.a(libc_a-mprec.o)
                0x08004df0                __multiply
 .text.__pow5mult
                0x08004f44       0xb8 /usr/lib/gcc/arm-none-eabi/14.1.0/../../../../arm-none-eabi/lib/thumb/v7e-m+fp/hard/libc_nano.a(libc_a-mprec.o)
                0x08004f44                __pow5mult
 .text.__lshift
                0x08004ffc       0xdc /usr/lib/gcc/arm-none-eabi/14.1.0/../../../../arm-none-eabi/lib/thumb/v7e-m+fp/hard/libc_nano.a(libc_a-mprec.o)
                0x08004ffc                __lshift
 .text.__mcmp   0x080050d8       0x36 /usr/lib/gcc/arm-none-eabi/14.1.0/../../../../arm-none-eabi/lib/thumb/v7e-m+fp/hard/libc_nano.a(libc_a-mprec.o)
                0x080050d8                __mcmp
 *fill*         0x0800510e        0x2 
 .text.__mdiff  0x08005110      0x130 /usr/lib/gcc/arm-none-eabi/14.1.0/../../../../arm-none-eabi/lib/thumb/v7e-m+fp/hard/libc_nano.a(libc_a-mprec.o)
                0x08005110                __mdiff
 .text.__d2b    0x08005240       0xb0 /usr/lib/gcc/arm-none-eabi/14.1.0/../../../../arm-none-eabi/lib/thumb/v7e-m+fp/hard/libc_nano.a(libc_a-mprec.o)
                0x08005240                __d2b
 .text.__sflush_r
                0x080052f0      0x104 /usr/lib/gcc/arm-none-eabi/14.1.0/../../../../arm-none-eabi/lib/thumb/v7e-m+fp/hard/libc_nano.a(libc_a-fflush.o)
                0x080052f0                __sflush_r
 .text._fflush_r
                0x080053f4       0x50 /usr/lib/gcc/arm-none-eabi/14.1.0/../../../../arm-none-eabi/lib/thumb/v7e-m+fp/hard/libc_nano.a(libc_a-fflush.o)
                0x080053f4                _fflush_r
 .text._sbrk_r  0x08005444       0x20 /usr/lib/gcc/arm-none-eabi/14.1.0/../../../../arm-none-eabi/lib/thumb/v7e-m+fp/hard/libc_nano.a(libc_a-sbrkr.o)
                0x08005444                _sbrk_r
 .text.__assert_func
                0x08005464       0x3c /usr/lib/gcc/arm-none-eabi/14.1.0/../../../../arm-none-eabi/lib/thumb/v7e-m+fp/hard/libc_nano.a(libc_a-assert.o)
                0x08005464                __assert_func
 .text._calloc_r
                0x080054a0       0x28 /usr/lib/gcc/arm-none-eabi/14.1.0/../../../../arm-none-eabi/lib/thumb/v7e-m+fp/hard/libc_nano.a(libc_a-callocr.o)
                0x080054a0                _calloc_r
 .text.__ascii_mbtowc
                0x080054c8       0x24 /usr/lib/gcc/arm-none-eabi/14.1.0/../../../../arm-none-eabi/lib/thumb/v7e-m+fp/hard/libc_nano.a(libc_a-mbtowc_r.o)
                0x080054c8                __ascii_mbtowc
 .text.__ascii_wctomb
                0x080054ec       0x1a /usr/lib/gcc/arm-none-eabi/14.1.0/../../../../arm-none-eabi/lib/thumb/v7e-m+fp/hard/libc_nano.a(libc_a-wctomb_r.o)
                0x080054ec                __ascii_wctomb
 *fill*         0x08005506        0x2 
 .text.fprintf  0x08005508       0x24 /usr/lib/gcc/arm-none-eabi/14.1.0/../../../../arm-none-eabi/lib/thumb/v7e-m+fp/hard/libc_nano.a(libc_a-fprintf.o)
                0x08005508                fprintf
                0x08005508                fiprintf
 .text.abort    0x0800552c        0xe /usr/lib/gcc/arm-none-eabi/14.1.0/../../../../arm-none-eabi/lib/thumb/v7e-m+fp/hard/libc_nano.a(libc_a-abort.o)
                0x0800552c                abort
 .text.__sfputc_r
                0x0800553a       0x2e /usr/lib/gcc/arm-none-eabi/14.1.0/../../../../arm-none-eabi/lib/thumb/v7e-m+fp/hard/libc_nano.a(libc_a-nano-vfprintf.o)
 .text.__sfputs_r
                0x08005568       0x24 /usr/lib/gcc/arm-none-eabi/14.1.0/../../../../arm-none-eabi/lib/thumb/v7e-m+fp/hard/libc_nano.a(libc_a-nano-vfprintf.o)
                0x08005568                __sfputs_r
 .text._vfprintf_r
                0x0800558c      0x230 /usr/lib/gcc/arm-none-eabi/14.1.0/../../../../arm-none-eabi/lib/thumb/v7e-m+fp/hard/libc_nano.a(libc_a-nano-vfprintf.o)
                0x0800558c                _vfiprintf_r
                0x0800558c                _vfprintf_r
 .text.__swbuf_r
                0x080057bc       0x7c /usr/lib/gcc/arm-none-eabi/14.1.0/../../../../arm-none-eabi/lib/thumb/v7e-m+fp/hard/libc_nano.a(libc_a-wbuf.o)
                0x080057bc                __swbuf_r
 .text.__swsetup_r
                0x08005838       0xa8 /usr/lib/gcc/arm-none-eabi/14.1.0/../../../../arm-none-eabi/lib/thumb/v7e-m+fp/hard/libc_nano.a(libc_a-wsetup.o)
                0x08005838                __swsetup_r
 .text._raise_r
                0x080058e0       0x50 /usr/lib/gcc/arm-none-eabi/14.1.0/../../../../arm-none-eabi/lib/thumb/v7e-m+fp/hard/libc_nano.a(libc_a-signal.o)
                0x080058e0                _raise_r
 .text.raise    0x08005930       0x10 /usr/lib/gcc/arm-none-eabi/14.1.0/../../../../arm-none-eabi/lib/thumb/v7e-m+fp/hard/libc_nano.a(libc_a-signal.o)
                0x08005930                raise
 .text._kill_r  0x08005940       0x24 /usr/lib/gcc/arm-none-eabi/14.1.0/../../../../arm-none-eabi/lib/thumb/v7e-m+fp/hard/libc_nano.a(libc_a-signalr.o)
                0x08005940                _kill_r
 .text._getpid_r
                0x08005964        0x4 /usr/lib/gcc/arm-none-eabi/14.1.0/../../../../arm-none-eabi/lib/thumb/v7e-m+fp/hard/libc_nano.a(libc_a-signalr.o)
                0x08005964                _getpid_r
 .text.__swhatbuf_r
                0x08005968       0x48 /usr/lib/gcc/arm-none-eabi/14.1.0/../../../../arm-none-eabi/lib/thumb/v7e-m+fp/hard/libc_nano.a(libc_a-makebuf.o)
                0x08005968                __swhatbuf_r
 .text.__smakebuf_r
                0x080059b0       0x72 /usr/lib/gcc/arm-none-eabi/14.1.0/../../../../arm-none-eabi/lib/thumb/v7e-m+fp/hard/libc_nano.a(libc_a-makebuf.o)
                0x080059b0                __smakebuf_r
 *fill*         0x08005a22        0x2 
 .text._fstat_r
                0x08005a24       0x24 /usr/lib/gcc/arm-none-eabi/14.1.0/../../../../arm-none-eabi/lib/thumb/v7e-m+fp/hard/libc_nano.a(libc_a-fstatr.o)
                0x08005a24                _fstat_r
 .text._isatty_r
                0x08005a48       0x20 /usr/lib/gcc/arm-none-eabi/14.1.0/../../../../arm-none-eabi/lib/thumb/v7e-m+fp/hard/libc_nano.a(libc_a-isattyr.o)
                0x08005a48                _isatty_r
 *(.glue_7)
 .glue_7        0x08005a68        0x0 linker stubs
 *(.glue_7t)
 .glue_7t       0x08005a68        0x0 linker stubs
 *(.eh_frame)
 .eh_frame      0x08005a68        0x0 /usr/lib/gcc/arm-none-eabi/14.1.0/thumb/v7e-m+fp/hard/crtbegin.o
 *(.init)
 .init          0x08005a68        0x4 /usr/lib/gcc/arm-none-eabi/14.1.0/thumb/v7e-m+fp/hard/crti.o
                0x08005a68                _init
 .init          0x08005a6c        0x8 /usr/lib/gcc/arm-none-eabi/14.1.0/thumb/v7e-m+fp/hard/crtn.o
 *(.fini)
 .fini          0x08005a74        0x4 /usr/lib/gcc/arm-none-eabi/14.1.0/thumb/v7e-m+fp/hard/crti.o
                0x08005a74                _fini
 .fini          0x08005a78        0x8 /usr/lib/gcc/arm-none-eabi/14.1.0/thumb/v7e-m+fp/hard/crtn.o
                0x08005a80                        . = ALIGN (0x4)
                0x08005a80                        _etext = .

.vfp11_veneer   0x08005a80        0x0
 .vfp11_veneer  0x08005a80        0x0 linker stubs

.v4_bx          0x08005a80        0x0
 .v4_bx         0x08005a80        0x0 linker stubs

.iplt           0x08005a80        0x0
 .iplt          0x08005a80        0x0 /usr/lib/gcc/arm-none-eabi/14.1.0/thumb/v7e-m+fp/hard/crtbegin.o

.rodata         0x08005a80      0x43c
                0x08005a80                        . = ALIGN (0x4)
 *(.rodata)
 *(.rodata*)
 .rodata.secretKey
                0x08005a80       0x10 build/main.o
 .rodata.sbox_encrypt
                0x08005a90      0x100 build/aes.o
                0x08005a90                sbox_encrypt
 .rodata.APBAHBPrescTable
                0x08005b90       0x10 build/stm32f4xx_rcc.o
 .rodata._printf_float.str1.1
                0x08005ba0      0x119 /usr/lib/gcc/arm-none-eabi/14.1.0/../../../../arm-none-eabi/lib/thumb/v7e-m+fp/hard/libc_nano.a(libc_a-nano-vfprintf_float.o)
                                 0x12 (size before relaxing)
 .rodata._printf_i.str1.1
                0x08005cb9       0x22 /usr/lib/gcc/arm-none-eabi/14.1.0/../../../../arm-none-eabi/lib/thumb/v7e-m+fp/hard/libc_nano.a(libc_a-nano-vfprintf_i.o)
 .rodata._dtoa_r.str1.1
                0x08005cb9       0x63 /usr/lib/gcc/arm-none-eabi/14.1.0/../../../../arm-none-eabi/lib/thumb/v7e-m+fp/hard/libc_nano.a(libc_a-dtoa.o)
 .rodata._Balloc.str1.1
                0x08005cb9       0x44 /usr/lib/gcc/arm-none-eabi/14.1.0/../../../../arm-none-eabi/lib/thumb/v7e-m+fp/hard/libc_nano.a(libc_a-mprec.o)
 .rodata.__multadd.str1.1
                0x08005cb9       0x11 /usr/lib/gcc/arm-none-eabi/14.1.0/../../../../arm-none-eabi/lib/thumb/v7e-m+fp/hard/libc_nano.a(libc_a-mprec.o)
 *fill*         0x08005cb9        0x3 
 .rodata.p05.0  0x08005cbc        0xc /usr/lib/gcc/arm-none-eabi/14.1.0/../../../../arm-none-eabi/lib/thumb/v7e-m+fp/hard/libc_nano.a(libc_a-mprec.o)
 .rodata.__mprec_bigtens
                0x08005cc8       0x28 /usr/lib/gcc/arm-none-eabi/14.1.0/../../../../arm-none-eabi/lib/thumb/v7e-m+fp/hard/libc_nano.a(libc_a-mprec.o)
                0x08005cc8                __mprec_bigtens
 .rodata.__mprec_tens
                0x08005cf0       0xc8 /usr/lib/gcc/arm-none-eabi/14.1.0/../../../../arm-none-eabi/lib/thumb/v7e-m+fp/hard/libc_nano.a(libc_a-mprec.o)
                0x08005cf0                __mprec_tens
 .rodata._setlocale_r.str1.1
                0x08005db8        0x9 /usr/lib/gcc/arm-none-eabi/14.1.0/../../../../arm-none-eabi/lib/thumb/v7e-m+fp/hard/libc_nano.a(libc_a-locale.o)
 .rodata.str1.1
                0x08005db8        0x2 /usr/lib/gcc/arm-none-eabi/14.1.0/../../../../arm-none-eabi/lib/thumb/v7e-m+fp/hard/libc_nano.a(libc_a-locale.o)
 .rodata.__assert_func.str1.1
                0x08005db8       0x3d /usr/lib/gcc/arm-none-eabi/14.1.0/../../../../arm-none-eabi/lib/thumb/v7e-m+fp/hard/libc_nano.a(libc_a-assert.o)
 .rodata._ctype_
                0x08005db8      0x101 /usr/lib/gcc/arm-none-eabi/14.1.0/../../../../arm-none-eabi/lib/thumb/v7e-m+fp/hard/libc_nano.a(libc_a-ctype_.o)
                0x08005db8                _ctype_
 .rodata._vfprintf_r.str1.1
                0x08005eb9       0x11 /usr/lib/gcc/arm-none-eabi/14.1.0/../../../../arm-none-eabi/lib/thumb/v7e-m+fp/hard/libc_nano.a(libc_a-nano-vfprintf.o)
                0x08005ecc                        . = ALIGN (0x4)
 *fill*         0x08005eb9        0x3 

.ARM.extab
 *(.ARM.extab* .gnu.linkonce.armextab.*)

.ARM            0x08005ebc        0x8
                0x08005ebc                        __exidx_start = .
 *(.ARM.exidx*)
 .ARM.exidx     0x08005ebc        0x8 /usr/lib/gcc/arm-none-eabi/14.1.0/../../../../arm-none-eabi/lib/thumb/v7e-m+fp/hard/libc_nano.a(libc_a-memchr.o)
 .ARM.exidx     0x08005ec4        0x0 /usr/lib/gcc/arm-none-eabi/14.1.0/../../../../arm-none-eabi/lib/thumb/v7e-m+fp/hard/libc_nano.a(libc_a-strlen.o)
                                  0x8 (size before relaxing)
                0x08005ec4                        __exidx_end = .

.preinit_array  0x08005ec4        0x0
                0x08005ec4                        PROVIDE (__preinit_array_start = .)
 *(.preinit_array*)
                0x08005ec4                        PROVIDE (__preinit_array_end = .)

.init_array     0x08005ec4        0x4
                0x08005ec4                        PROVIDE (__init_array_start = .)
 *(SORT_BY_NAME(.init_array.*))
 *(.init_array*)
 .init_array    0x08005ec4        0x4 /usr/lib/gcc/arm-none-eabi/14.1.0/thumb/v7e-m+fp/hard/crtbegin.o
                0x08005ec8                        PROVIDE (__init_array_end = .)

.fini_array     0x08005ec8        0x4
                0x08005ec8                        PROVIDE (__fini_array_start = .)
 *(SORT_BY_NAME(.fini_array.*))
 *(.fini_array*)
 .fini_array    0x08005ec8        0x4 /usr/lib/gcc/arm-none-eabi/14.1.0/thumb/v7e-m+fp/hard/crtbegin.o
                0x08005ecc                        PROVIDE (__fini_array_end = .)
                0x08005ecc                        _sidata = LOADADDR (.data)

.rel.dyn        0x08005ecc        0x0
 .rel.iplt      0x08005ecc        0x0 /usr/lib/gcc/arm-none-eabi/14.1.0/thumb/v7e-m+fp/hard/crtbegin.o

.data           0x20000000      0x1f8 load address 0x08005ecc
                0x20000000                        . = ALIGN (0x4)
                0x20000000                        _sdata = .
 *(.data)
 *(.data*)
 .data.SystemCoreClock
                0x20000000        0x4 build/main.o
                0x20000000                SystemCoreClock
 .data.packetBufferMask
                0x20000004        0x4 build/comms.o
 .data.Rcon     0x20000008       0x28 build/aes.o
                0x20000008                Rcon
 .data.__sglue  0x20000030        0xc /usr/lib/gcc/arm-none-eabi/14.1.0/../../../../arm-none-eabi/lib/thumb/v7e-m+fp/hard/libc_nano.a(libc_a-findfp.o)
                0x20000030                __sglue
 .data._impure_ptr
                0x2000003c        0x4 /usr/lib/gcc/arm-none-eabi/14.1.0/../../../../arm-none-eabi/lib/thumb/v7e-m+fp/hard/libc_nano.a(libc_a-impure.o)
                0x2000003c                _impure_ptr
 .data._impure_data
                0x20000040       0x4c /usr/lib/gcc/arm-none-eabi/14.1.0/../../../../arm-none-eabi/lib/thumb/v7e-m+fp/hard/libc_nano.a(libc_a-impure.o)
                0x20000040                _impure_data
 .data.__global_locale
                0x2000008c      0x16c /usr/lib/gcc/arm-none-eabi/14.1.0/../../../../arm-none-eabi/lib/thumb/v7e-m+fp/hard/libc_nano.a(libc_a-locale.o)
                0x2000008c                __global_locale
                0x200001f8                        . = ALIGN (0x4)
                0x200001f8                        _edata = .
                0x080060c4                        _siccmram = LOADADDR (.ccmram)

.tm_clone_table
                0x200001f8        0x0 load address 0x080060c4
 .tm_clone_table
                0x200001f8        0x0 /usr/lib/gcc/arm-none-eabi/14.1.0/thumb/v7e-m+fp/hard/crtbegin.o
 .tm_clone_table
                0x200001f8        0x0 /usr/lib/gcc/arm-none-eabi/14.1.0/thumb/v7e-m+fp/hard/crtend.o

.igot.plt       0x200001f8        0x0 load address 0x080060c4
 .igot.plt      0x200001f8        0x0 /usr/lib/gcc/arm-none-eabi/14.1.0/thumb/v7e-m+fp/hard/crtbegin.o

.ccmram         0x10000000        0x0 load address 0x080060c4
                0x10000000                        . = ALIGN (0x4)
                0x10000000                        _sccmram = .
 *(.ccmram)
 *(.ccmram*)
                0x10000000                        . = ALIGN (0x4)
                0x10000000                        _eccmram = .
                0x10000000                        . = ALIGN (0x4)

.bss            0x200001f8      0x31c
                0x200001f8                        _sbss = .
                0x200001f8                        __bss_start__ = _sbss
 *(.bss)
 .bss           0x200001f8       0x1c /usr/lib/gcc/arm-none-eabi/14.1.0/thumb/v7e-m+fp/hard/crtbegin.o
 *(.bss*)
 .bss.state     0x20000214        0x1 build/main.o
 *fill*         0x20000215        0x3 
 .bss.fwLength  0x20000218        0x4 build/main.o
 .bss.bytesWritten
                0x2000021c        0x4 build/main.o
 .bss.syncSequence
                0x20000220        0x4 build/main.o
 .bss.timer     0x20000224        0xc build/main.o
 .bss.tempPacket
                0x20000230       0x12 build/main.o
 *fill*         0x20000242        0x2 
 .bss.dataBuffer
                0x20000244       0x80 build/main.o
                0x20000244                dataBuffer
 .bss.ringBuffer
                0x200002c4       0x10 build/main.o
                0x200002c4                ringBuffer
 .bss.state     0x200002d4        0x1 build/comms.o
 .bss.dataByteCount
                0x200002d5        0x1 build/comms.o
 *fill*         0x200002d6        0x2 
 .bss.tempPacket
                0x200002d8       0x12 build/comms.o
 *fill*         0x200002ea        0x2 
 .bss.retransmitPacket
                0x200002ec       0x12 build/comms.o
 *fill*         0x200002fe        0x2 
 .bss.acknowledgePacket
                0x20000300       0x12 build/comms.o
 *fill*         0x20000312        0x2 
 .bss.lastTransmittedPacket
                0x20000314       0x12 build/comms.o
 *fill*         0x20000326        0x2 
 .bss.packetBuffer
                0x20000328       0x90 build/comms.o
 .bss.packetReadIndex
                0x200003b8        0x4 build/comms.o
 .bss.packetWriteIndex
                0x200003bc        0x4 build/comms.o
 .bss.g_nSysTick
                0x200003c0        0x4 build/delay.o
                0x200003c0                g_nSysTick
 .bss.heap_end.0
                0x200003c4        0x4 build/syscalls.o
 .bss.__sf      0x200003c8      0x138 /usr/lib/gcc/arm-none-eabi/14.1.0/../../../../arm-none-eabi/lib/thumb/v7e-m+fp/hard/libc_nano.a(libc_a-findfp.o)
                0x200003c8                __sf
 .bss.__stdio_exit_handler
                0x20000500        0x4 /usr/lib/gcc/arm-none-eabi/14.1.0/../../../../arm-none-eabi/lib/thumb/v7e-m+fp/hard/libc_nano.a(libc_a-findfp.o)
                0x20000500                __stdio_exit_handler
 .bss.errno     0x20000504        0x4 /usr/lib/gcc/arm-none-eabi/14.1.0/../../../../arm-none-eabi/lib/thumb/v7e-m+fp/hard/libc_nano.a(libc_a-reent.o)
                0x20000504                errno
 .bss.__lock___malloc_recursive_mutex
                0x20000508        0x1 /usr/lib/gcc/arm-none-eabi/14.1.0/../../../../arm-none-eabi/lib/thumb/v7e-m+fp/hard/libc_nano.a(libc_a-lock.o)
                0x20000508                __lock___malloc_recursive_mutex
 .bss.__lock___sfp_recursive_mutex
                0x20000509        0x1 /usr/lib/gcc/arm-none-eabi/14.1.0/../../../../arm-none-eabi/lib/thumb/v7e-m+fp/hard/libc_nano.a(libc_a-lock.o)
                0x20000509                __lock___sfp_recursive_mutex
 *fill*         0x2000050a        0x2 
 .bss.__malloc_sbrk_start
                0x2000050c        0x4 /usr/lib/gcc/arm-none-eabi/14.1.0/../../../../arm-none-eabi/lib/thumb/v7e-m+fp/hard/libc_nano.a(libc_a-mallocr.o)
                0x2000050c                __malloc_sbrk_start
 .bss.__malloc_free_list
                0x20000510        0x4 /usr/lib/gcc/arm-none-eabi/14.1.0/../../../../arm-none-eabi/lib/thumb/v7e-m+fp/hard/libc_nano.a(libc_a-mallocr.o)
                0x20000510                __malloc_free_list
 *(COMMON)
                0x20000514                        . = ALIGN (0x4)
                0x20000514                        _ebss = .
                0x20000514                        __bss_end__ = _ebss

._user_heap_stack
                0x20000514      0x604
                0x20000518                        . = ALIGN (0x8)
 *fill*         0x20000514        0x4 
                0x20000518                        PROVIDE (end = .)
                [!provide]                        PROVIDE (_end = .)
                0x20000718                        . = (. + _Min_Heap_Size)
 *fill*         0x20000518      0x200 
                0x20000b18                        . = (. + _Min_Stack_Size)
 *fill*         0x20000718      0x400 
                0x20000b18                        . = ALIGN (0x8)

/DISCARD/
 libc.a(*)
 libm.a(*)
 libgcc.a(*)

.ARM.attributes
                0x00000000       0x30
 *(.ARM.attributes)
 .ARM.attributes
                0x00000000       0x22 /usr/lib/gcc/arm-none-eabi/14.1.0/thumb/v7e-m+fp/hard/crti.o
 .ARM.attributes
                0x00000022       0x34 /usr/lib/gcc/arm-none-eabi/14.1.0/thumb/v7e-m+fp/hard/crtbegin.o
 .ARM.attributes
                0x00000056       0x34 build/main.o
 .ARM.attributes
                0x0000008a       0x34 build/comms.o
 .ARM.attributes
                0x000000be       0x34 build/bootloaderflash.o
 .ARM.attributes
                0x000000f2       0x34 build/rcc.o
 .ARM.attributes
                0x00000126       0x34 build/gpio.o
 .ARM.attributes
                0x0000015a       0x34 build/usart.o
 .ARM.attributes
                0x0000018e       0x34 build/delay.o
 .ARM.attributes
                0x000001c2       0x34 build/ring_buffer.o
 .ARM.attributes
                0x000001f6       0x34 build/crc.o
 .ARM.attributes
                0x0000022a       0x34 build/timer.o
 .ARM.attributes
                0x0000025e       0x34 build/aes.o
 .ARM.attributes
                0x00000292       0x34 build/stm32f4xx_flash.o
 .ARM.attributes
                0x000002c6       0x34 build/stm32f4xx_gpio.o
 .ARM.attributes
                0x000002fa       0x34 build/stm32f4xx_rcc.o
 .ARM.attributes
                0x0000032e       0x34 build/stm32f4xx_usart.o
 .ARM.attributes
                0x00000362       0x34 build/syscalls.o
 .ARM.attributes
                0x00000396       0x21 build/startup_stm32f429_439xx.o
 .ARM.attributes
                0x000003b7       0x34 /usr/lib/gcc/arm-none-eabi/14.1.0/../../../../arm-none-eabi/lib/thumb/v7e-m+fp/hard/libc_nano.a(libc_a-nano-vfprintf_float.o)
 .ARM.attributes
                0x000003eb       0x34 /usr/lib/gcc/arm-none-eabi/14.1.0/../../../../arm-none-eabi/lib/thumb/v7e-m+fp/hard/libc_nano.a(libc_a-nano-vfprintf_i.o)
 .ARM.attributes
                0x0000041f       0x34 /usr/lib/gcc/arm-none-eabi/14.1.0/../../../../arm-none-eabi/lib/thumb/v7e-m+fp/hard/libc_nano.a(libc_a-findfp.o)
 .ARM.attributes
                0x00000453       0x34 /usr/lib/gcc/arm-none-eabi/14.1.0/../../../../arm-none-eabi/lib/thumb/v7e-m+fp/hard/libc_nano.a(libc_a-fwalk.o)
 .ARM.attributes
                0x00000487       0x34 /usr/lib/gcc/arm-none-eabi/14.1.0/../../../../arm-none-eabi/lib/thumb/v7e-m+fp/hard/libc_nano.a(libc_a-stdio.o)
 .ARM.attributes
                0x000004bb       0x34 /usr/lib/gcc/arm-none-eabi/14.1.0/../../../../arm-none-eabi/lib/thumb/v7e-m+fp/hard/libc_nano.a(libc_a-memcmp.o)
 .ARM.attributes
                0x000004ef       0x34 /usr/lib/gcc/arm-none-eabi/14.1.0/../../../../arm-none-eabi/lib/thumb/v7e-m+fp/hard/libc_nano.a(libc_a-memset.o)
 .ARM.attributes
                0x00000523       0x34 /usr/lib/gcc/arm-none-eabi/14.1.0/../../../../arm-none-eabi/lib/thumb/v7e-m+fp/hard/libc_nano.a(libc_a-localeconv.o)
 .ARM.attributes
                0x00000557       0x34 /usr/lib/gcc/arm-none-eabi/14.1.0/../../../../arm-none-eabi/lib/thumb/v7e-m+fp/hard/libc_nano.a(libc_a-closer.o)
 .ARM.attributes
                0x0000058b       0x34 /usr/lib/gcc/arm-none-eabi/14.1.0/../../../../arm-none-eabi/lib/thumb/v7e-m+fp/hard/libc_nano.a(libc_a-reent.o)
 .ARM.attributes
                0x000005bf       0x34 /usr/lib/gcc/arm-none-eabi/14.1.0/../../../../arm-none-eabi/lib/thumb/v7e-m+fp/hard/libc_nano.a(libc_a-impure.o)
 .ARM.attributes
                0x000005f3       0x34 /usr/lib/gcc/arm-none-eabi/14.1.0/../../../../arm-none-eabi/lib/thumb/v7e-m+fp/hard/libc_nano.a(libc_a-lseekr.o)
 .ARM.attributes
                0x00000627       0x34 /usr/lib/gcc/arm-none-eabi/14.1.0/../../../../arm-none-eabi/lib/thumb/v7e-m+fp/hard/libc_nano.a(libc_a-readr.o)
 .ARM.attributes
                0x0000065b       0x34 /usr/lib/gcc/arm-none-eabi/14.1.0/../../../../arm-none-eabi/lib/thumb/v7e-m+fp/hard/libc_nano.a(libc_a-writer.o)
 .ARM.attributes
                0x0000068f       0x34 /usr/lib/gcc/arm-none-eabi/14.1.0/../../../../arm-none-eabi/lib/thumb/v7e-m+fp/hard/libc_nano.a(libc_a-errno.o)
 .ARM.attributes
                0x000006c3       0x34 /usr/lib/gcc/arm-none-eabi/14.1.0/../../../../arm-none-eabi/lib/thumb/v7e-m+fp/hard/libc_nano.a(libc_a-init.o)
 .ARM.attributes
                0x000006f7       0x34 /usr/lib/gcc/arm-none-eabi/14.1.0/../../../../arm-none-eabi/lib/thumb/v7e-m+fp/hard/libc_nano.a(libc_a-lock.o)
 .ARM.attributes
                0x0000072b       0x1c /usr/lib/gcc/arm-none-eabi/14.1.0/../../../../arm-none-eabi/lib/thumb/v7e-m+fp/hard/libc_nano.a(libc_a-memchr.o)
 .ARM.attributes
                0x00000747       0x34 /usr/lib/gcc/arm-none-eabi/14.1.0/../../../../arm-none-eabi/lib/thumb/v7e-m+fp/hard/libc_nano.a(libc_a-memcpy-stub.o)
 .ARM.attributes
                0x0000077b       0x17 /usr/lib/gcc/arm-none-eabi/14.1.0/../../../../arm-none-eabi/lib/thumb/v7e-m+fp/hard/libc_nano.a(libc_a-strlen.o)
 .ARM.attributes
                0x00000792       0x34 /usr/lib/gcc/arm-none-eabi/14.1.0/../../../../arm-none-eabi/lib/thumb/v7e-m+fp/hard/libc_nano.a(libc_a-dtoa.o)
 .ARM.attributes
                0x000007c6       0x34 /usr/lib/gcc/arm-none-eabi/14.1.0/../../../../arm-none-eabi/lib/thumb/v7e-m+fp/hard/libc_nano.a(libc_a-freer.o)
 .ARM.attributes
                0x000007fa       0x34 /usr/lib/gcc/arm-none-eabi/14.1.0/../../../../arm-none-eabi/lib/thumb/v7e-m+fp/hard/libc_nano.a(libc_a-malloc.o)
 .ARM.attributes
                0x0000082e       0x34 /usr/lib/gcc/arm-none-eabi/14.1.0/../../../../arm-none-eabi/lib/thumb/v7e-m+fp/hard/libc_nano.a(libc_a-mallocr.o)
 .ARM.attributes
                0x00000862       0x34 /usr/lib/gcc/arm-none-eabi/14.1.0/../../../../arm-none-eabi/lib/thumb/v7e-m+fp/hard/libc_nano.a(libc_a-mlock.o)
 .ARM.attributes
                0x00000896       0x34 /usr/lib/gcc/arm-none-eabi/14.1.0/../../../../arm-none-eabi/lib/thumb/v7e-m+fp/hard/libc_nano.a(libc_a-mprec.o)
 .ARM.attributes
                0x000008ca       0x34 /usr/lib/gcc/arm-none-eabi/14.1.0/../../../../arm-none-eabi/lib/thumb/v7e-m+fp/hard/libc_nano.a(libc_a-fflush.o)
 .ARM.attributes
                0x000008fe       0x34 /usr/lib/gcc/arm-none-eabi/14.1.0/../../../../arm-none-eabi/lib/thumb/v7e-m+fp/hard/libc_nano.a(libc_a-locale.o)
 .ARM.attributes
                0x00000932       0x34 /usr/lib/gcc/arm-none-eabi/14.1.0/../../../../arm-none-eabi/lib/thumb/v7e-m+fp/hard/libc_nano.a(libc_a-sbrkr.o)
 .ARM.attributes
                0x00000966       0x34 /usr/lib/gcc/arm-none-eabi/14.1.0/../../../../arm-none-eabi/lib/thumb/v7e-m+fp/hard/libc_nano.a(libc_a-assert.o)
 .ARM.attributes
                0x0000099a       0x34 /usr/lib/gcc/arm-none-eabi/14.1.0/../../../../arm-none-eabi/lib/thumb/v7e-m+fp/hard/libc_nano.a(libc_a-callocr.o)
 .ARM.attributes
                0x000009ce       0x34 /usr/lib/gcc/arm-none-eabi/14.1.0/../../../../arm-none-eabi/lib/thumb/v7e-m+fp/hard/libc_nano.a(libc_a-mbtowc_r.o)
 .ARM.attributes
                0x00000a02       0x34 /usr/lib/gcc/arm-none-eabi/14.1.0/../../../../arm-none-eabi/lib/thumb/v7e-m+fp/hard/libc_nano.a(libc_a-wctomb_r.o)
 .ARM.attributes
                0x00000a36       0x34 /usr/lib/gcc/arm-none-eabi/14.1.0/../../../../arm-none-eabi/lib/thumb/v7e-m+fp/hard/libc_nano.a(libc_a-ctype_.o)
 .ARM.attributes
                0x00000a6a       0x34 /usr/lib/gcc/arm-none-eabi/14.1.0/../../../../arm-none-eabi/lib/thumb/v7e-m+fp/hard/libc_nano.a(libc_a-fprintf.o)
 .ARM.attributes
                0x00000a9e       0x34 /usr/lib/gcc/arm-none-eabi/14.1.0/../../../../arm-none-eabi/lib/thumb/v7e-m+fp/hard/libc_nano.a(libc_a-abort.o)
 .ARM.attributes
                0x00000ad2       0x34 /usr/lib/gcc/arm-none-eabi/14.1.0/../../../../arm-none-eabi/lib/thumb/v7e-m+fp/hard/libc_nano.a(libc_a-nano-vfprintf.o)
 .ARM.attributes
                0x00000b06       0x34 /usr/lib/gcc/arm-none-eabi/14.1.0/../../../../arm-none-eabi/lib/thumb/v7e-m+fp/hard/libc_nano.a(libc_a-wbuf.o)
 .ARM.attributes
                0x00000b3a       0x34 /usr/lib/gcc/arm-none-eabi/14.1.0/../../../../arm-none-eabi/lib/thumb/v7e-m+fp/hard/libc_nano.a(libc_a-wsetup.o)
 .ARM.attributes
                0x00000b6e       0x34 /usr/lib/gcc/arm-none-eabi/14.1.0/../../../../arm-none-eabi/lib/thumb/v7e-m+fp/hard/libc_nano.a(libc_a-signal.o)
 .ARM.attributes
                0x00000ba2       0x34 /usr/lib/gcc/arm-none-eabi/14.1.0/../../../../arm-none-eabi/lib/thumb/v7e-m+fp/hard/libc_nano.a(libc_a-signalr.o)
 .ARM.attributes
                0x00000bd6       0x34 /usr/lib/gcc/arm-none-eabi/14.1.0/../../../../arm-none-eabi/lib/thumb/v7e-m+fp/hard/libc_nano.a(libc_a-makebuf.o)
 .ARM.attributes
                0x00000c0a       0x34 /usr/lib/gcc/arm-none-eabi/14.1.0/../../../../arm-none-eabi/lib/thumb/v7e-m+fp/hard/libc_nano.a(libc_a-fstatr.o)
 .ARM.attributes
                0x00000c3e       0x34 /usr/lib/gcc/arm-none-eabi/14.1.0/../../../../arm-none-eabi/lib/thumb/v7e-m+fp/hard/libc_nano.a(libc_a-isattyr.o)
 .ARM.attributes
                0x00000c72       0x22 /usr/lib/gcc/arm-none-eabi/14.1.0/thumb/v7e-m+fp/hard/libgcc.a(_arm_addsubdf3.o)
 .ARM.attributes
                0x00000c94       0x22 /usr/lib/gcc/arm-none-eabi/14.1.0/thumb/v7e-m+fp/hard/libgcc.a(_arm_muldivdf3.o)
 .ARM.attributes
                0x00000cb6       0x22 /usr/lib/gcc/arm-none-eabi/14.1.0/thumb/v7e-m+fp/hard/libgcc.a(_arm_cmpdf2.o)
 .ARM.attributes
                0x00000cd8       0x22 /usr/lib/gcc/arm-none-eabi/14.1.0/thumb/v7e-m+fp/hard/libgcc.a(_arm_unorddf2.o)
 .ARM.attributes
                0x00000cfa       0x22 /usr/lib/gcc/arm-none-eabi/14.1.0/thumb/v7e-m+fp/hard/libgcc.a(_arm_fixdfsi.o)
 .ARM.attributes
                0x00000d1c       0x34 /usr/lib/gcc/arm-none-eabi/14.1.0/thumb/v7e-m+fp/hard/crtend.o
 .ARM.attributes
                0x00000d50       0x22 /usr/lib/gcc/arm-none-eabi/14.1.0/thumb/v7e-m+fp/hard/crtn.o
OUTPUT(build/bootloader.elf elf32-littlearm)
LOAD linker stubs
LOAD /usr/lib/gcc/arm-none-eabi/14.1.0/../../../../arm-none-eabi/lib/thumb/v7e-m+fp/hard/libc.a
LOAD /usr/lib/gcc/arm-none-eabi/14.1.0/../../../../arm-none-eabi/lib/thumb/v7e-m+fp/hard/libm.a
LOAD /usr/lib/gcc/arm-none-eabi/14.1.0/thumb/v7e-m+fp/hard/libgcc.a

.comment        0x00000000       0x46
 .comment       0x00000000       0x46 /usr/lib/gcc/arm-none-eabi/14.1.0/thumb/v7e-m+fp/hard/crtbegin.o
                                 0x24 (size before relaxing)
 .comment       0x00000046       0x24 build/main.o
 .comment       0x00000046       0x24 build/comms.o
 .comment       0x00000046       0x24 build/bootloaderflash.o
 .comment       0x00000046       0x24 build/rcc.o
 .comment       0x00000046       0x24 build/gpio.o
 .comment       0x00000046       0x24 build/usart.o
 .comment       0x00000046       0x24 build/delay.o
 .comment       0x00000046       0x24 build/ring_buffer.o
 .comment       0x00000046       0x24 build/crc.o
 .comment       0x00000046       0x24 build/timer.o
 .comment       0x00000046       0x24 build/aes.o
 .comment       0x00000046       0x24 build/stm32f4xx_flash.o
 .comment       0x00000046       0x24 build/stm32f4xx_gpio.o
 .comment       0x00000046       0x24 build/stm32f4xx_rcc.o
 .comment       0x00000046       0x24 build/stm32f4xx_usart.o
 .comment       0x00000046       0x24 build/syscalls.o
 .comment       0x00000046       0x24 /usr/lib/gcc/arm-none-eabi/14.1.0/../../../../arm-none-eabi/lib/thumb/v7e-m+fp/hard/libc_nano.a(libc_a-nano-vfprintf_float.o)
 .comment       0x00000046       0x24 /usr/lib/gcc/arm-none-eabi/14.1.0/../../../../arm-none-eabi/lib/thumb/v7e-m+fp/hard/libc_nano.a(libc_a-nano-vfprintf_i.o)
 .comment       0x00000046       0x24 /usr/lib/gcc/arm-none-eabi/14.1.0/../../../../arm-none-eabi/lib/thumb/v7e-m+fp/hard/libc_nano.a(libc_a-findfp.o)
 .comment       0x00000046       0x24 /usr/lib/gcc/arm-none-eabi/14.1.0/../../../../arm-none-eabi/lib/thumb/v7e-m+fp/hard/libc_nano.a(libc_a-fwalk.o)
 .comment       0x00000046       0x24 /usr/lib/gcc/arm-none-eabi/14.1.0/../../../../arm-none-eabi/lib/thumb/v7e-m+fp/hard/libc_nano.a(libc_a-stdio.o)
 .comment       0x00000046       0x24 /usr/lib/gcc/arm-none-eabi/14.1.0/../../../../arm-none-eabi/lib/thumb/v7e-m+fp/hard/libc_nano.a(libc_a-memcmp.o)
 .comment       0x00000046       0x24 /usr/lib/gcc/arm-none-eabi/14.1.0/../../../../arm-none-eabi/lib/thumb/v7e-m+fp/hard/libc_nano.a(libc_a-memset.o)
 .comment       0x00000046       0x24 /usr/lib/gcc/arm-none-eabi/14.1.0/../../../../arm-none-eabi/lib/thumb/v7e-m+fp/hard/libc_nano.a(libc_a-localeconv.o)
 .comment       0x00000046       0x24 /usr/lib/gcc/arm-none-eabi/14.1.0/../../../../arm-none-eabi/lib/thumb/v7e-m+fp/hard/libc_nano.a(libc_a-closer.o)
 .comment       0x00000046       0x24 /usr/lib/gcc/arm-none-eabi/14.1.0/../../../../arm-none-eabi/lib/thumb/v7e-m+fp/hard/libc_nano.a(libc_a-reent.o)
 .comment       0x00000046       0x24 /usr/lib/gcc/arm-none-eabi/14.1.0/../../../../arm-none-eabi/lib/thumb/v7e-m+fp/hard/libc_nano.a(libc_a-impure.o)
 .comment       0x00000046       0x24 /usr/lib/gcc/arm-none-eabi/14.1.0/../../../../arm-none-eabi/lib/thumb/v7e-m+fp/hard/libc_nano.a(libc_a-lseekr.o)
 .comment       0x00000046       0x24 /usr/lib/gcc/arm-none-eabi/14.1.0/../../../../arm-none-eabi/lib/thumb/v7e-m+fp/hard/libc_nano.a(libc_a-readr.o)
 .comment       0x00000046       0x24 /usr/lib/gcc/arm-none-eabi/14.1.0/../../../../arm-none-eabi/lib/thumb/v7e-m+fp/hard/libc_nano.a(libc_a-writer.o)
 .comment       0x00000046       0x24 /usr/lib/gcc/arm-none-eabi/14.1.0/../../../../arm-none-eabi/lib/thumb/v7e-m+fp/hard/libc_nano.a(libc_a-errno.o)
 .comment       0x00000046       0x24 /usr/lib/gcc/arm-none-eabi/14.1.0/../../../../arm-none-eabi/lib/thumb/v7e-m+fp/hard/libc_nano.a(libc_a-init.o)
 .comment       0x00000046       0x24 /usr/lib/gcc/arm-none-eabi/14.1.0/../../../../arm-none-eabi/lib/thumb/v7e-m+fp/hard/libc_nano.a(libc_a-lock.o)
 .comment       0x00000046       0x24 /usr/lib/gcc/arm-none-eabi/14.1.0/../../../../arm-none-eabi/lib/thumb/v7e-m+fp/hard/libc_nano.a(libc_a-memcpy-stub.o)
 .comment       0x00000046       0x24 /usr/lib/gcc/arm-none-eabi/14.1.0/../../../../arm-none-eabi/lib/thumb/v7e-m+fp/hard/libc_nano.a(libc_a-dtoa.o)
 .comment       0x00000046       0x24 /usr/lib/gcc/arm-none-eabi/14.1.0/../../../../arm-none-eabi/lib/thumb/v7e-m+fp/hard/libc_nano.a(libc_a-freer.o)
 .comment       0x00000046       0x24 /usr/lib/gcc/arm-none-eabi/14.1.0/../../../../arm-none-eabi/lib/thumb/v7e-m+fp/hard/libc_nano.a(libc_a-malloc.o)
 .comment       0x00000046       0x24 /usr/lib/gcc/arm-none-eabi/14.1.0/../../../../arm-none-eabi/lib/thumb/v7e-m+fp/hard/libc_nano.a(libc_a-mallocr.o)
 .comment       0x00000046       0x24 /usr/lib/gcc/arm-none-eabi/14.1.0/../../../../arm-none-eabi/lib/thumb/v7e-m+fp/hard/libc_nano.a(libc_a-mlock.o)
 .comment       0x00000046       0x24 /usr/lib/gcc/arm-none-eabi/14.1.0/../../../../arm-none-eabi/lib/thumb/v7e-m+fp/hard/libc_nano.a(libc_a-mprec.o)
 .comment       0x00000046       0x24 /usr/lib/gcc/arm-none-eabi/14.1.0/../../../../arm-none-eabi/lib/thumb/v7e-m+fp/hard/libc_nano.a(libc_a-fflush.o)
 .comment       0x00000046       0x24 /usr/lib/gcc/arm-none-eabi/14.1.0/../../../../arm-none-eabi/lib/thumb/v7e-m+fp/hard/libc_nano.a(libc_a-locale.o)
 .comment       0x00000046       0x24 /usr/lib/gcc/arm-none-eabi/14.1.0/../../../../arm-none-eabi/lib/thumb/v7e-m+fp/hard/libc_nano.a(libc_a-sbrkr.o)
 .comment       0x00000046       0x24 /usr/lib/gcc/arm-none-eabi/14.1.0/../../../../arm-none-eabi/lib/thumb/v7e-m+fp/hard/libc_nano.a(libc_a-assert.o)
 .comment       0x00000046       0x24 /usr/lib/gcc/arm-none-eabi/14.1.0/../../../../arm-none-eabi/lib/thumb/v7e-m+fp/hard/libc_nano.a(libc_a-callocr.o)
 .comment       0x00000046       0x24 /usr/lib/gcc/arm-none-eabi/14.1.0/../../../../arm-none-eabi/lib/thumb/v7e-m+fp/hard/libc_nano.a(libc_a-mbtowc_r.o)
 .comment       0x00000046       0x24 /usr/lib/gcc/arm-none-eabi/14.1.0/../../../../arm-none-eabi/lib/thumb/v7e-m+fp/hard/libc_nano.a(libc_a-wctomb_r.o)
 .comment       0x00000046       0x24 /usr/lib/gcc/arm-none-eabi/14.1.0/../../../../arm-none-eabi/lib/thumb/v7e-m+fp/hard/libc_nano.a(libc_a-ctype_.o)
 .comment       0x00000046       0x24 /usr/lib/gcc/arm-none-eabi/14.1.0/../../../../arm-none-eabi/lib/thumb/v7e-m+fp/hard/libc_nano.a(libc_a-fprintf.o)
 .comment       0x00000046       0x24 /usr/lib/gcc/arm-none-eabi/14.1.0/../../../../arm-none-eabi/lib/thumb/v7e-m+fp/hard/libc_nano.a(libc_a-abort.o)
 .comment       0x00000046       0x24 /usr/lib/gcc/arm-none-eabi/14.1.0/../../../../arm-none-eabi/lib/thumb/v7e-m+fp/hard/libc_nano.a(libc_a-nano-vfprintf.o)
 .comment       0x00000046       0x24 /usr/lib/gcc/arm-none-eabi/14.1.0/../../../../arm-none-eabi/lib/thumb/v7e-m+fp/hard/libc_nano.a(libc_a-wbuf.o)
 .comment       0x00000046       0x24 /usr/lib/gcc/arm-none-eabi/14.1.0/../../../../arm-none-eabi/lib/thumb/v7e-m+fp/hard/libc_nano.a(libc_a-wsetup.o)
 .comment       0x00000046       0x24 /usr/lib/gcc/arm-none-eabi/14.1.0/../../../../arm-none-eabi/lib/thumb/v7e-m+fp/hard/libc_nano.a(libc_a-signal.o)
 .comment       0x00000046       0x24 /usr/lib/gcc/arm-none-eabi/14.1.0/../../../../arm-none-eabi/lib/thumb/v7e-m+fp/hard/libc_nano.a(libc_a-signalr.o)
 .comment       0x00000046       0x24 /usr/lib/gcc/arm-none-eabi/14.1.0/../../../../arm-none-eabi/lib/thumb/v7e-m+fp/hard/libc_nano.a(libc_a-makebuf.o)
 .comment       0x00000046       0x24 /usr/lib/gcc/arm-none-eabi/14.1.0/../../../../arm-none-eabi/lib/thumb/v7e-m+fp/hard/libc_nano.a(libc_a-fstatr.o)
 .comment       0x00000046       0x24 /usr/lib/gcc/arm-none-eabi/14.1.0/../../../../arm-none-eabi/lib/thumb/v7e-m+fp/hard/libc_nano.a(libc_a-isattyr.o)
 .comment       0x00000046       0x24 /usr/lib/gcc/arm-none-eabi/14.1.0/thumb/v7e-m+fp/hard/crtend.o

.debug_info     0x00000000    0x1e4f3
 .debug_info    0x00000000      0xc0f build/main.o
 .debug_info    0x00000c0f      0x573 build/comms.o
 .debug_info    0x00001182      0x1f2 build/bootloaderflash.o
 .debug_info    0x00001374      0x127 build/rcc.o
 .debug_info    0x0000149b      0x358 build/gpio.o
 .debug_info    0x000017f3      0xb69 build/usart.o
 .debug_info    0x0000235c      0x816 build/delay.o
 .debug_info    0x00002b72      0x256 build/ring_buffer.o
 .debug_info    0x00002dc8      0x1dc build/crc.o
 .debug_info    0x00002fa4      0x1e2 build/timer.o
 .debug_info    0x00003186      0x657 build/aes.o
 .debug_info    0x000037dd      0x805 build/stm32f4xx_flash.o
 .debug_info    0x00003fe2      0x6dd build/stm32f4xx_gpio.o
 .debug_info    0x000046bf      0xe1a build/stm32f4xx_rcc.o
 .debug_info    0x000054d9      0xb55 build/stm32f4xx_usart.o
 .debug_info    0x0000602e      0x7ee build/syscalls.o
 .debug_info    0x0000681c       0x30 build/startup_stm32f429_439xx.o
 .debug_info    0x0000684c     0x12df /usr/lib/gcc/arm-none-eabi/14.1.0/../../../../arm-none-eabi/lib/thumb/v7e-m+fp/hard/libc_nano.a(libc_a-nano-vfprintf_float.o)
 .debug_info    0x00007b2b      0xde2 /usr/lib/gcc/arm-none-eabi/14.1.0/../../../../arm-none-eabi/lib/thumb/v7e-m+fp/hard/libc_nano.a(libc_a-nano-vfprintf_i.o)
 .debug_info    0x0000890d      0xfb8 /usr/lib/gcc/arm-none-eabi/14.1.0/../../../../arm-none-eabi/lib/thumb/v7e-m+fp/hard/libc_nano.a(libc_a-findfp.o)
 .debug_info    0x000098c5      0x7d2 /usr/lib/gcc/arm-none-eabi/14.1.0/../../../../arm-none-eabi/lib/thumb/v7e-m+fp/hard/libc_nano.a(libc_a-fwalk.o)
 .debug_info    0x0000a097      0xa90 /usr/lib/gcc/arm-none-eabi/14.1.0/../../../../arm-none-eabi/lib/thumb/v7e-m+fp/hard/libc_nano.a(libc_a-stdio.o)
 .debug_info    0x0000ab27      0x104 /usr/lib/gcc/arm-none-eabi/14.1.0/../../../../arm-none-eabi/lib/thumb/v7e-m+fp/hard/libc_nano.a(libc_a-memcmp.o)
 .debug_info    0x0000ac2b       0xe0 /usr/lib/gcc/arm-none-eabi/14.1.0/../../../../arm-none-eabi/lib/thumb/v7e-m+fp/hard/libc_nano.a(libc_a-memset.o)
 .debug_info    0x0000ad0b      0xa18 /usr/lib/gcc/arm-none-eabi/14.1.0/../../../../arm-none-eabi/lib/thumb/v7e-m+fp/hard/libc_nano.a(libc_a-localeconv.o)
 .debug_info    0x0000b723      0x75c /usr/lib/gcc/arm-none-eabi/14.1.0/../../../../arm-none-eabi/lib/thumb/v7e-m+fp/hard/libc_nano.a(libc_a-closer.o)
 .debug_info    0x0000be7f      0x8a1 /usr/lib/gcc/arm-none-eabi/14.1.0/../../../../arm-none-eabi/lib/thumb/v7e-m+fp/hard/libc_nano.a(libc_a-reent.o)
 .debug_info    0x0000c720      0x715 /usr/lib/gcc/arm-none-eabi/14.1.0/../../../../arm-none-eabi/lib/thumb/v7e-m+fp/hard/libc_nano.a(libc_a-impure.o)
 .debug_info    0x0000ce35      0x7a8 /usr/lib/gcc/arm-none-eabi/14.1.0/../../../../arm-none-eabi/lib/thumb/v7e-m+fp/hard/libc_nano.a(libc_a-lseekr.o)
 .debug_info    0x0000d5dd      0x7bf /usr/lib/gcc/arm-none-eabi/14.1.0/../../../../arm-none-eabi/lib/thumb/v7e-m+fp/hard/libc_nano.a(libc_a-readr.o)
 .debug_info    0x0000dd9c      0x7c5 /usr/lib/gcc/arm-none-eabi/14.1.0/../../../../arm-none-eabi/lib/thumb/v7e-m+fp/hard/libc_nano.a(libc_a-writer.o)
 .debug_info    0x0000e561      0x6fb /usr/lib/gcc/arm-none-eabi/14.1.0/../../../../arm-none-eabi/lib/thumb/v7e-m+fp/hard/libc_nano.a(libc_a-errno.o)
 .debug_info    0x0000ec5c      0x10b /usr/lib/gcc/arm-none-eabi/14.1.0/../../../../arm-none-eabi/lib/thumb/v7e-m+fp/hard/libc_nano.a(libc_a-init.o)
 .debug_info    0x0000ed67      0x218 /usr/lib/gcc/arm-none-eabi/14.1.0/../../../../arm-none-eabi/lib/thumb/v7e-m+fp/hard/libc_nano.a(libc_a-lock.o)
 .debug_info    0x0000ef7f       0x25 /usr/lib/gcc/arm-none-eabi/14.1.0/../../../../arm-none-eabi/lib/thumb/v7e-m+fp/hard/libc_nano.a(libc_a-memchr.o)
 .debug_info    0x0000efa4      0x121 /usr/lib/gcc/arm-none-eabi/14.1.0/../../../../arm-none-eabi/lib/thumb/v7e-m+fp/hard/libc_nano.a(libc_a-memcpy-stub.o)
 .debug_info    0x0000f0c5       0x31 /usr/lib/gcc/arm-none-eabi/14.1.0/../../../../arm-none-eabi/lib/thumb/v7e-m+fp/hard/libc_nano.a(libc_a-strlen.o)
 .debug_info    0x0000f0f6     0x17fb /usr/lib/gcc/arm-none-eabi/14.1.0/../../../../arm-none-eabi/lib/thumb/v7e-m+fp/hard/libc_nano.a(libc_a-dtoa.o)
 .debug_info    0x000108f1      0x851 /usr/lib/gcc/arm-none-eabi/14.1.0/../../../../arm-none-eabi/lib/thumb/v7e-m+fp/hard/libc_nano.a(libc_a-freer.o)
 .debug_info    0x00011142      0x7a0 /usr/lib/gcc/arm-none-eabi/14.1.0/../../../../arm-none-eabi/lib/thumb/v7e-m+fp/hard/libc_nano.a(libc_a-malloc.o)
 .debug_info    0x000118e2      0x9bc /usr/lib/gcc/arm-none-eabi/14.1.0/../../../../arm-none-eabi/lib/thumb/v7e-m+fp/hard/libc_nano.a(libc_a-mallocr.o)
 .debug_info    0x0001229e      0x76b /usr/lib/gcc/arm-none-eabi/14.1.0/../../../../arm-none-eabi/lib/thumb/v7e-m+fp/hard/libc_nano.a(libc_a-mlock.o)
 .debug_info    0x00012a09     0x1dcc /usr/lib/gcc/arm-none-eabi/14.1.0/../../../../arm-none-eabi/lib/thumb/v7e-m+fp/hard/libc_nano.a(libc_a-mprec.o)
 .debug_info    0x000147d5      0x9f2 /usr/lib/gcc/arm-none-eabi/14.1.0/../../../../arm-none-eabi/lib/thumb/v7e-m+fp/hard/libc_nano.a(libc_a-fflush.o)
 .debug_info    0x000151c7      0xb44 /usr/lib/gcc/arm-none-eabi/14.1.0/../../../../arm-none-eabi/lib/thumb/v7e-m+fp/hard/libc_nano.a(libc_a-locale.o)
 .debug_info    0x00015d0b      0x782 /usr/lib/gcc/arm-none-eabi/14.1.0/../../../../arm-none-eabi/lib/thumb/v7e-m+fp/hard/libc_nano.a(libc_a-sbrkr.o)
 .debug_info    0x0001648d      0x836 /usr/lib/gcc/arm-none-eabi/14.1.0/../../../../arm-none-eabi/lib/thumb/v7e-m+fp/hard/libc_nano.a(libc_a-assert.o)
 .debug_info    0x00016cc3      0x7cd /usr/lib/gcc/arm-none-eabi/14.1.0/../../../../arm-none-eabi/lib/thumb/v7e-m+fp/hard/libc_nano.a(libc_a-callocr.o)
 .debug_info    0x00017490      0xaba /usr/lib/gcc/arm-none-eabi/14.1.0/../../../../arm-none-eabi/lib/thumb/v7e-m+fp/hard/libc_nano.a(libc_a-mbtowc_r.o)
 .debug_info    0x00017f4a      0xa7f /usr/lib/gcc/arm-none-eabi/14.1.0/../../../../arm-none-eabi/lib/thumb/v7e-m+fp/hard/libc_nano.a(libc_a-wctomb_r.o)
 .debug_info    0x000189c9       0xb9 /usr/lib/gcc/arm-none-eabi/14.1.0/../../../../arm-none-eabi/lib/thumb/v7e-m+fp/hard/libc_nano.a(libc_a-ctype_.o)
 .debug_info    0x00018a82      0x867 /usr/lib/gcc/arm-none-eabi/14.1.0/../../../../arm-none-eabi/lib/thumb/v7e-m+fp/hard/libc_nano.a(libc_a-fprintf.o)
 .debug_info    0x000192e9       0xd8 /usr/lib/gcc/arm-none-eabi/14.1.0/../../../../arm-none-eabi/lib/thumb/v7e-m+fp/hard/libc_nano.a(libc_a-abort.o)
 .debug_info    0x000193c1     0x1094 /usr/lib/gcc/arm-none-eabi/14.1.0/../../../../arm-none-eabi/lib/thumb/v7e-m+fp/hard/libc_nano.a(libc_a-nano-vfprintf.o)
 .debug_info    0x0001a455      0x874 /usr/lib/gcc/arm-none-eabi/14.1.0/../../../../arm-none-eabi/lib/thumb/v7e-m+fp/hard/libc_nano.a(libc_a-wbuf.o)
 .debug_info    0x0001acc9      0x7bb /usr/lib/gcc/arm-none-eabi/14.1.0/../../../../arm-none-eabi/lib/thumb/v7e-m+fp/hard/libc_nano.a(libc_a-wsetup.o)
 .debug_info    0x0001b484      0xa13 /usr/lib/gcc/arm-none-eabi/14.1.0/../../../../arm-none-eabi/lib/thumb/v7e-m+fp/hard/libc_nano.a(libc_a-signal.o)
 .debug_info    0x0001be97      0x7e9 /usr/lib/gcc/arm-none-eabi/14.1.0/../../../../arm-none-eabi/lib/thumb/v7e-m+fp/hard/libc_nano.a(libc_a-signalr.o)
 .debug_info    0x0001c680      0xb15 /usr/lib/gcc/arm-none-eabi/14.1.0/../../../../arm-none-eabi/lib/thumb/v7e-m+fp/hard/libc_nano.a(libc_a-makebuf.o)
 .debug_info    0x0001d195      0x981 /usr/lib/gcc/arm-none-eabi/14.1.0/../../../../arm-none-eabi/lib/thumb/v7e-m+fp/hard/libc_nano.a(libc_a-fstatr.o)
 .debug_info    0x0001db16      0x75c /usr/lib/gcc/arm-none-eabi/14.1.0/../../../../arm-none-eabi/lib/thumb/v7e-m+fp/hard/libc_nano.a(libc_a-isattyr.o)
 .debug_info    0x0001e272       0xd3 /usr/lib/gcc/arm-none-eabi/14.1.0/thumb/v7e-m+fp/hard/libgcc.a(_arm_addsubdf3.o)
 .debug_info    0x0001e345       0x57 /usr/lib/gcc/arm-none-eabi/14.1.0/thumb/v7e-m+fp/hard/libgcc.a(_arm_muldivdf3.o)
 .debug_info    0x0001e39c       0xdf /usr/lib/gcc/arm-none-eabi/14.1.0/thumb/v7e-m+fp/hard/libgcc.a(_arm_cmpdf2.o)
 .debug_info    0x0001e47b       0x3c /usr/lib/gcc/arm-none-eabi/14.1.0/thumb/v7e-m+fp/hard/libgcc.a(_arm_unorddf2.o)
 .debug_info    0x0001e4b7       0x3c /usr/lib/gcc/arm-none-eabi/14.1.0/thumb/v7e-m+fp/hard/libgcc.a(_arm_fixdfsi.o)

.debug_abbrev   0x00000000     0x6bf8
 .debug_abbrev  0x00000000      0x2bc build/main.o
 .debug_abbrev  0x000002bc      0x201 build/comms.o
 .debug_abbrev  0x000004bd       0xfc build/bootloaderflash.o
 .debug_abbrev  0x000005b9       0x9f build/rcc.o
 .debug_abbrev  0x00000658      0x15d build/gpio.o
 .debug_abbrev  0x000007b5      0x250 build/usart.o
 .debug_abbrev  0x00000a05      0x1e9 build/delay.o
 .debug_abbrev  0x00000bee       0xc3 build/ring_buffer.o
 .debug_abbrev  0x00000cb1       0xa8 build/crc.o
 .debug_abbrev  0x00000d59       0xfd build/timer.o
 .debug_abbrev  0x00000e56      0x1a9 build/aes.o
 .debug_abbrev  0x00000fff      0x1ea build/stm32f4xx_flash.o
 .debug_abbrev  0x000011e9      0x1e1 build/stm32f4xx_gpio.o
 .debug_abbrev  0x000013ca      0x205 build/stm32f4xx_rcc.o
 .debug_abbrev  0x000015cf      0x1a3 build/stm32f4xx_usart.o
 .debug_abbrev  0x00001772      0x1cb build/syscalls.o
 .debug_abbrev  0x0000193d       0x1d build/startup_stm32f429_439xx.o
 .debug_abbrev  0x0000195a      0x2f1 /usr/lib/gcc/arm-none-eabi/14.1.0/../../../../arm-none-eabi/lib/thumb/v7e-m+fp/hard/libc_nano.a(libc_a-nano-vfprintf_float.o)
 .debug_abbrev  0x00001c4b      0x28e /usr/lib/gcc/arm-none-eabi/14.1.0/../../../../arm-none-eabi/lib/thumb/v7e-m+fp/hard/libc_nano.a(libc_a-nano-vfprintf_i.o)
 .debug_abbrev  0x00001ed9      0x424 /usr/lib/gcc/arm-none-eabi/14.1.0/../../../../arm-none-eabi/lib/thumb/v7e-m+fp/hard/libc_nano.a(libc_a-findfp.o)
 .debug_abbrev  0x000022fd      0x19b /usr/lib/gcc/arm-none-eabi/14.1.0/../../../../arm-none-eabi/lib/thumb/v7e-m+fp/hard/libc_nano.a(libc_a-fwalk.o)
 .debug_abbrev  0x00002498      0x221 /usr/lib/gcc/arm-none-eabi/14.1.0/../../../../arm-none-eabi/lib/thumb/v7e-m+fp/hard/libc_nano.a(libc_a-stdio.o)
 .debug_abbrev  0x000026b9       0x90 /usr/lib/gcc/arm-none-eabi/14.1.0/../../../../arm-none-eabi/lib/thumb/v7e-m+fp/hard/libc_nano.a(libc_a-memcmp.o)
 .debug_abbrev  0x00002749       0x9e /usr/lib/gcc/arm-none-eabi/14.1.0/../../../../arm-none-eabi/lib/thumb/v7e-m+fp/hard/libc_nano.a(libc_a-memset.o)
 .debug_abbrev  0x000027e7      0x237 /usr/lib/gcc/arm-none-eabi/14.1.0/../../../../arm-none-eabi/lib/thumb/v7e-m+fp/hard/libc_nano.a(libc_a-localeconv.o)
 .debug_abbrev  0x00002a1e      0x1b0 /usr/lib/gcc/arm-none-eabi/14.1.0/../../../../arm-none-eabi/lib/thumb/v7e-m+fp/hard/libc_nano.a(libc_a-closer.o)
 .debug_abbrev  0x00002bce      0x1f7 /usr/lib/gcc/arm-none-eabi/14.1.0/../../../../arm-none-eabi/lib/thumb/v7e-m+fp/hard/libc_nano.a(libc_a-reent.o)
 .debug_abbrev  0x00002dc5      0x149 /usr/lib/gcc/arm-none-eabi/14.1.0/../../../../arm-none-eabi/lib/thumb/v7e-m+fp/hard/libc_nano.a(libc_a-impure.o)
 .debug_abbrev  0x00002f0e      0x1c4 /usr/lib/gcc/arm-none-eabi/14.1.0/../../../../arm-none-eabi/lib/thumb/v7e-m+fp/hard/libc_nano.a(libc_a-lseekr.o)
 .debug_abbrev  0x000030d2      0x1b0 /usr/lib/gcc/arm-none-eabi/14.1.0/../../../../arm-none-eabi/lib/thumb/v7e-m+fp/hard/libc_nano.a(libc_a-readr.o)
 .debug_abbrev  0x00003282      0x1b5 /usr/lib/gcc/arm-none-eabi/14.1.0/../../../../arm-none-eabi/lib/thumb/v7e-m+fp/hard/libc_nano.a(libc_a-writer.o)
 .debug_abbrev  0x00003437      0x15e /usr/lib/gcc/arm-none-eabi/14.1.0/../../../../arm-none-eabi/lib/thumb/v7e-m+fp/hard/libc_nano.a(libc_a-errno.o)
 .debug_abbrev  0x00003595       0xc9 /usr/lib/gcc/arm-none-eabi/14.1.0/../../../../arm-none-eabi/lib/thumb/v7e-m+fp/hard/libc_nano.a(libc_a-init.o)
 .debug_abbrev  0x0000365e      0x115 /usr/lib/gcc/arm-none-eabi/14.1.0/../../../../arm-none-eabi/lib/thumb/v7e-m+fp/hard/libc_nano.a(libc_a-lock.o)
 .debug_abbrev  0x00003773       0x14 /usr/lib/gcc/arm-none-eabi/14.1.0/../../../../arm-none-eabi/lib/thumb/v7e-m+fp/hard/libc_nano.a(libc_a-memchr.o)
 .debug_abbrev  0x00003787       0xc1 /usr/lib/gcc/arm-none-eabi/14.1.0/../../../../arm-none-eabi/lib/thumb/v7e-m+fp/hard/libc_nano.a(libc_a-memcpy-stub.o)
 .debug_abbrev  0x00003848       0x28 /usr/lib/gcc/arm-none-eabi/14.1.0/../../../../arm-none-eabi/lib/thumb/v7e-m+fp/hard/libc_nano.a(libc_a-strlen.o)
 .debug_abbrev  0x00003870      0x32f /usr/lib/gcc/arm-none-eabi/14.1.0/../../../../arm-none-eabi/lib/thumb/v7e-m+fp/hard/libc_nano.a(libc_a-dtoa.o)
 .debug_abbrev  0x00003b9f      0x236 /usr/lib/gcc/arm-none-eabi/14.1.0/../../../../arm-none-eabi/lib/thumb/v7e-m+fp/hard/libc_nano.a(libc_a-freer.o)
 .debug_abbrev  0x00003dd5      0x1cf /usr/lib/gcc/arm-none-eabi/14.1.0/../../../../arm-none-eabi/lib/thumb/v7e-m+fp/hard/libc_nano.a(libc_a-malloc.o)
 .debug_abbrev  0x00003fa4      0x24a /usr/lib/gcc/arm-none-eabi/14.1.0/../../../../arm-none-eabi/lib/thumb/v7e-m+fp/hard/libc_nano.a(libc_a-mallocr.o)
 .debug_abbrev  0x000041ee      0x1bf /usr/lib/gcc/arm-none-eabi/14.1.0/../../../../arm-none-eabi/lib/thumb/v7e-m+fp/hard/libc_nano.a(libc_a-mlock.o)
 .debug_abbrev  0x000043ad      0x451 /usr/lib/gcc/arm-none-eabi/14.1.0/../../../../arm-none-eabi/lib/thumb/v7e-m+fp/hard/libc_nano.a(libc_a-mprec.o)
 .debug_abbrev  0x000047fe      0x2b2 /usr/lib/gcc/arm-none-eabi/14.1.0/../../../../arm-none-eabi/lib/thumb/v7e-m+fp/hard/libc_nano.a(libc_a-fflush.o)
 .debug_abbrev  0x00004ab0      0x25a /usr/lib/gcc/arm-none-eabi/14.1.0/../../../../arm-none-eabi/lib/thumb/v7e-m+fp/hard/libc_nano.a(libc_a-locale.o)
 .debug_abbrev  0x00004d0a      0x1da /usr/lib/gcc/arm-none-eabi/14.1.0/../../../../arm-none-eabi/lib/thumb/v7e-m+fp/hard/libc_nano.a(libc_a-sbrkr.o)
 .debug_abbrev  0x00004ee4      0x1ea /usr/lib/gcc/arm-none-eabi/14.1.0/../../../../arm-none-eabi/lib/thumb/v7e-m+fp/hard/libc_nano.a(libc_a-assert.o)
 .debug_abbrev  0x000050ce      0x1cd /usr/lib/gcc/arm-none-eabi/14.1.0/../../../../arm-none-eabi/lib/thumb/v7e-m+fp/hard/libc_nano.a(libc_a-callocr.o)
 .debug_abbrev  0x0000529b      0x211 /usr/lib/gcc/arm-none-eabi/14.1.0/../../../../arm-none-eabi/lib/thumb/v7e-m+fp/hard/libc_nano.a(libc_a-mbtowc_r.o)
 .debug_abbrev  0x000054ac      0x1f9 /usr/lib/gcc/arm-none-eabi/14.1.0/../../../../arm-none-eabi/lib/thumb/v7e-m+fp/hard/libc_nano.a(libc_a-wctomb_r.o)
 .debug_abbrev  0x000056a5       0x62 /usr/lib/gcc/arm-none-eabi/14.1.0/../../../../arm-none-eabi/lib/thumb/v7e-m+fp/hard/libc_nano.a(libc_a-ctype_.o)
 .debug_abbrev  0x00005707      0x21d /usr/lib/gcc/arm-none-eabi/14.1.0/../../../../arm-none-eabi/lib/thumb/v7e-m+fp/hard/libc_nano.a(libc_a-fprintf.o)
 .debug_abbrev  0x00005924       0x99 /usr/lib/gcc/arm-none-eabi/14.1.0/../../../../arm-none-eabi/lib/thumb/v7e-m+fp/hard/libc_nano.a(libc_a-abort.o)
 .debug_abbrev  0x000059bd      0x316 /usr/lib/gcc/arm-none-eabi/14.1.0/../../../../arm-none-eabi/lib/thumb/v7e-m+fp/hard/libc_nano.a(libc_a-nano-vfprintf.o)
 .debug_abbrev  0x00005cd3      0x22d /usr/lib/gcc/arm-none-eabi/14.1.0/../../../../arm-none-eabi/lib/thumb/v7e-m+fp/hard/libc_nano.a(libc_a-wbuf.o)
 .debug_abbrev  0x00005f00      0x1e2 /usr/lib/gcc/arm-none-eabi/14.1.0/../../../../arm-none-eabi/lib/thumb/v7e-m+fp/hard/libc_nano.a(libc_a-wsetup.o)
 .debug_abbrev  0x000060e2      0x24e /usr/lib/gcc/arm-none-eabi/14.1.0/../../../../arm-none-eabi/lib/thumb/v7e-m+fp/hard/libc_nano.a(libc_a-signal.o)
 .debug_abbrev  0x00006330      0x1fd /usr/lib/gcc/arm-none-eabi/14.1.0/../../../../arm-none-eabi/lib/thumb/v7e-m+fp/hard/libc_nano.a(libc_a-signalr.o)
 .debug_abbrev  0x0000652d      0x290 /usr/lib/gcc/arm-none-eabi/14.1.0/../../../../arm-none-eabi/lib/thumb/v7e-m+fp/hard/libc_nano.a(libc_a-makebuf.o)
 .debug_abbrev  0x000067bd      0x1c3 /usr/lib/gcc/arm-none-eabi/14.1.0/../../../../arm-none-eabi/lib/thumb/v7e-m+fp/hard/libc_nano.a(libc_a-fstatr.o)
 .debug_abbrev  0x00006980      0x1b0 /usr/lib/gcc/arm-none-eabi/14.1.0/../../../../arm-none-eabi/lib/thumb/v7e-m+fp/hard/libc_nano.a(libc_a-isattyr.o)
 .debug_abbrev  0x00006b30       0x28 /usr/lib/gcc/arm-none-eabi/14.1.0/thumb/v7e-m+fp/hard/libgcc.a(_arm_addsubdf3.o)
 .debug_abbrev  0x00006b58       0x28 /usr/lib/gcc/arm-none-eabi/14.1.0/thumb/v7e-m+fp/hard/libgcc.a(_arm_muldivdf3.o)
 .debug_abbrev  0x00006b80       0x28 /usr/lib/gcc/arm-none-eabi/14.1.0/thumb/v7e-m+fp/hard/libgcc.a(_arm_cmpdf2.o)
 .debug_abbrev  0x00006ba8       0x28 /usr/lib/gcc/arm-none-eabi/14.1.0/thumb/v7e-m+fp/hard/libgcc.a(_arm_unorddf2.o)
 .debug_abbrev  0x00006bd0       0x28 /usr/lib/gcc/arm-none-eabi/14.1.0/thumb/v7e-m+fp/hard/libgcc.a(_arm_fixdfsi.o)

.debug_loc      0x00000000     0x41ee
 .debug_loc     0x00000000      0x27e build/main.o
 .debug_loc     0x0000027e      0x25c build/comms.o
 .debug_loc     0x000004da       0x7c build/bootloaderflash.o
 .debug_loc     0x00000556       0x58 build/rcc.o
 .debug_loc     0x000005ae       0xa0 build/gpio.o
 .debug_loc     0x0000064e      0x338 build/usart.o
 .debug_loc     0x00000986      0x2a0 build/delay.o
 .debug_loc     0x00000c26      0x170 build/ring_buffer.o
 .debug_loc     0x00000d96       0xb8 build/crc.o
 .debug_loc     0x00000e4e       0xf0 build/timer.o
 .debug_loc     0x00000f3e      0x470 build/aes.o
 .debug_loc     0x000013ae      0x96c build/stm32f4xx_flash.o
 .debug_loc     0x00001d1a      0x4fc build/stm32f4xx_gpio.o
 .debug_loc     0x00002216      0xf7c build/stm32f4xx_rcc.o
 .debug_loc     0x00003192      0xa54 build/stm32f4xx_usart.o
 .debug_loc     0x00003be6      0x608 build/syscalls.o

.debug_aranges  0x00000000     0x1040
 .debug_aranges
                0x00000000       0x60 build/main.o
 .debug_aranges
                0x00000060       0x58 build/comms.o
 .debug_aranges
                0x000000b8       0x28 build/bootloaderflash.o
 .debug_aranges
                0x000000e0       0x28 build/rcc.o
 .debug_aranges
                0x00000108       0x28 build/gpio.o
 .debug_aranges
                0x00000130       0x68 build/usart.o
 .debug_aranges
                0x00000198       0x60 build/delay.o
 .debug_aranges
                0x000001f8       0x38 build/ring_buffer.o
 .debug_aranges
                0x00000230       0x28 build/crc.o
 .debug_aranges
                0x00000258       0x30 build/timer.o
 .debug_aranges
                0x00000288       0x80 build/aes.o
 .debug_aranges
                0x00000308      0x108 build/stm32f4xx_flash.o
 .debug_aranges
                0x00000410       0x88 build/stm32f4xx_gpio.o
 .debug_aranges
                0x00000498      0x178 build/stm32f4xx_rcc.o
 .debug_aranges
                0x00000610      0x100 build/stm32f4xx_usart.o
 .debug_aranges
                0x00000710       0xb0 build/syscalls.o
 .debug_aranges
                0x000007c0       0x28 build/startup_stm32f429_439xx.o
 .debug_aranges
                0x000007e8       0x30 /usr/lib/gcc/arm-none-eabi/14.1.0/../../../../arm-none-eabi/lib/thumb/v7e-m+fp/hard/libc_nano.a(libc_a-nano-vfprintf_float.o)
 .debug_aranges
                0x00000818       0x28 /usr/lib/gcc/arm-none-eabi/14.1.0/../../../../arm-none-eabi/lib/thumb/v7e-m+fp/hard/libc_nano.a(libc_a-nano-vfprintf_i.o)
 .debug_aranges
                0x00000840       0x78 /usr/lib/gcc/arm-none-eabi/14.1.0/../../../../arm-none-eabi/lib/thumb/v7e-m+fp/hard/libc_nano.a(libc_a-findfp.o)
 .debug_aranges
                0x000008b8       0x20 /usr/lib/gcc/arm-none-eabi/14.1.0/../../../../arm-none-eabi/lib/thumb/v7e-m+fp/hard/libc_nano.a(libc_a-fwalk.o)
 .debug_aranges
                0x000008d8       0x40 /usr/lib/gcc/arm-none-eabi/14.1.0/../../../../arm-none-eabi/lib/thumb/v7e-m+fp/hard/libc_nano.a(libc_a-stdio.o)
 .debug_aranges
                0x00000918       0x20 /usr/lib/gcc/arm-none-eabi/14.1.0/../../../../arm-none-eabi/lib/thumb/v7e-m+fp/hard/libc_nano.a(libc_a-memcmp.o)
 .debug_aranges
                0x00000938       0x20 /usr/lib/gcc/arm-none-eabi/14.1.0/../../../../arm-none-eabi/lib/thumb/v7e-m+fp/hard/libc_nano.a(libc_a-memset.o)
 .debug_aranges
                0x00000958       0x30 /usr/lib/gcc/arm-none-eabi/14.1.0/../../../../arm-none-eabi/lib/thumb/v7e-m+fp/hard/libc_nano.a(libc_a-localeconv.o)
 .debug_aranges
                0x00000988       0x20 /usr/lib/gcc/arm-none-eabi/14.1.0/../../../../arm-none-eabi/lib/thumb/v7e-m+fp/hard/libc_nano.a(libc_a-closer.o)
 .debug_aranges
                0x000009a8       0x20 /usr/lib/gcc/arm-none-eabi/14.1.0/../../../../arm-none-eabi/lib/thumb/v7e-m+fp/hard/libc_nano.a(libc_a-reent.o)
 .debug_aranges
                0x000009c8       0x18 /usr/lib/gcc/arm-none-eabi/14.1.0/../../../../arm-none-eabi/lib/thumb/v7e-m+fp/hard/libc_nano.a(libc_a-impure.o)
 .debug_aranges
                0x000009e0       0x20 /usr/lib/gcc/arm-none-eabi/14.1.0/../../../../arm-none-eabi/lib/thumb/v7e-m+fp/hard/libc_nano.a(libc_a-lseekr.o)
 .debug_aranges
                0x00000a00       0x20 /usr/lib/gcc/arm-none-eabi/14.1.0/../../../../arm-none-eabi/lib/thumb/v7e-m+fp/hard/libc_nano.a(libc_a-readr.o)
 .debug_aranges
                0x00000a20       0x20 /usr/lib/gcc/arm-none-eabi/14.1.0/../../../../arm-none-eabi/lib/thumb/v7e-m+fp/hard/libc_nano.a(libc_a-writer.o)
 .debug_aranges
                0x00000a40       0x20 /usr/lib/gcc/arm-none-eabi/14.1.0/../../../../arm-none-eabi/lib/thumb/v7e-m+fp/hard/libc_nano.a(libc_a-errno.o)
 .debug_aranges
                0x00000a60       0x20 /usr/lib/gcc/arm-none-eabi/14.1.0/../../../../arm-none-eabi/lib/thumb/v7e-m+fp/hard/libc_nano.a(libc_a-init.o)
 .debug_aranges
                0x00000a80       0x68 /usr/lib/gcc/arm-none-eabi/14.1.0/../../../../arm-none-eabi/lib/thumb/v7e-m+fp/hard/libc_nano.a(libc_a-lock.o)
 .debug_aranges
                0x00000ae8       0x20 /usr/lib/gcc/arm-none-eabi/14.1.0/../../../../arm-none-eabi/lib/thumb/v7e-m+fp/hard/libc_nano.a(libc_a-memchr.o)
 .debug_aranges
                0x00000b08       0x20 /usr/lib/gcc/arm-none-eabi/14.1.0/../../../../arm-none-eabi/lib/thumb/v7e-m+fp/hard/libc_nano.a(libc_a-memcpy-stub.o)
 .debug_aranges
                0x00000b28       0x20 /usr/lib/gcc/arm-none-eabi/14.1.0/../../../../arm-none-eabi/lib/thumb/v7e-m+fp/hard/libc_nano.a(libc_a-strlen.o)
 .debug_aranges
                0x00000b48       0x28 /usr/lib/gcc/arm-none-eabi/14.1.0/../../../../arm-none-eabi/lib/thumb/v7e-m+fp/hard/libc_nano.a(libc_a-dtoa.o)
 .debug_aranges
                0x00000b70       0x20 /usr/lib/gcc/arm-none-eabi/14.1.0/../../../../arm-none-eabi/lib/thumb/v7e-m+fp/hard/libc_nano.a(libc_a-freer.o)
 .debug_aranges
                0x00000b90       0x28 /usr/lib/gcc/arm-none-eabi/14.1.0/../../../../arm-none-eabi/lib/thumb/v7e-m+fp/hard/libc_nano.a(libc_a-malloc.o)
 .debug_aranges
                0x00000bb8       0x28 /usr/lib/gcc/arm-none-eabi/14.1.0/../../../../arm-none-eabi/lib/thumb/v7e-m+fp/hard/libc_nano.a(libc_a-mallocr.o)
 .debug_aranges
                0x00000be0       0x28 /usr/lib/gcc/arm-none-eabi/14.1.0/../../../../arm-none-eabi/lib/thumb/v7e-m+fp/hard/libc_nano.a(libc_a-mlock.o)
 .debug_aranges
                0x00000c08       0xb0 /usr/lib/gcc/arm-none-eabi/14.1.0/../../../../arm-none-eabi/lib/thumb/v7e-m+fp/hard/libc_nano.a(libc_a-mprec.o)
 .debug_aranges
                0x00000cb8       0x30 /usr/lib/gcc/arm-none-eabi/14.1.0/../../../../arm-none-eabi/lib/thumb/v7e-m+fp/hard/libc_nano.a(libc_a-fflush.o)
 .debug_aranges
                0x00000ce8       0x30 /usr/lib/gcc/arm-none-eabi/14.1.0/../../../../arm-none-eabi/lib/thumb/v7e-m+fp/hard/libc_nano.a(libc_a-locale.o)
 .debug_aranges
                0x00000d18       0x20 /usr/lib/gcc/arm-none-eabi/14.1.0/../../../../arm-none-eabi/lib/thumb/v7e-m+fp/hard/libc_nano.a(libc_a-sbrkr.o)
 .debug_aranges
                0x00000d38       0x28 /usr/lib/gcc/arm-none-eabi/14.1.0/../../../../arm-none-eabi/lib/thumb/v7e-m+fp/hard/libc_nano.a(libc_a-assert.o)
 .debug_aranges
                0x00000d60       0x20 /usr/lib/gcc/arm-none-eabi/14.1.0/../../../../arm-none-eabi/lib/thumb/v7e-m+fp/hard/libc_nano.a(libc_a-callocr.o)
 .debug_aranges
                0x00000d80       0x28 /usr/lib/gcc/arm-none-eabi/14.1.0/../../../../arm-none-eabi/lib/thumb/v7e-m+fp/hard/libc_nano.a(libc_a-mbtowc_r.o)
 .debug_aranges
                0x00000da8       0x28 /usr/lib/gcc/arm-none-eabi/14.1.0/../../../../arm-none-eabi/lib/thumb/v7e-m+fp/hard/libc_nano.a(libc_a-wctomb_r.o)
 .debug_aranges